Archive member included to satisfy reference by file (symbol)

c:/program files (x86)/gnu arm embedded toolchain/10 2020-q4-major/bin/../lib/gcc/arm-none-eabi/10.2.1/../../../../arm-none-eabi/lib/thumb/v7e-m+fp/hard\libc.a(lib_a-exit.o)
                              c:/program files (x86)/gnu arm embedded toolchain/10 2020-q4-major/bin/../lib/gcc/arm-none-eabi/10.2.1/../../../../arm-none-eabi/lib/thumb/v7e-m+fp/hard/crt0.o (exit)
c:/program files (x86)/gnu arm embedded toolchain/10 2020-q4-major/bin/../lib/gcc/arm-none-eabi/10.2.1/../../../../arm-none-eabi/lib/thumb/v7e-m+fp/hard\libc.a(lib_a-impure.o)
                              c:/program files (x86)/gnu arm embedded toolchain/10 2020-q4-major/bin/../lib/gcc/arm-none-eabi/10.2.1/../../../../arm-none-eabi/lib/thumb/v7e-m+fp/hard\libc.a(lib_a-exit.o) (_global_impure_ptr)
c:/program files (x86)/gnu arm embedded toolchain/10 2020-q4-major/bin/../lib/gcc/arm-none-eabi/10.2.1/../../../../arm-none-eabi/lib/thumb/v7e-m+fp/hard\libc.a(lib_a-init.o)
                              c:/program files (x86)/gnu arm embedded toolchain/10 2020-q4-major/bin/../lib/gcc/arm-none-eabi/10.2.1/../../../../arm-none-eabi/lib/thumb/v7e-m+fp/hard/crt0.o (__libc_init_array)
c:/program files (x86)/gnu arm embedded toolchain/10 2020-q4-major/bin/../lib/gcc/arm-none-eabi/10.2.1/../../../../arm-none-eabi/lib/thumb/v7e-m+fp/hard\libc.a(lib_a-memset.o)
                              c:/program files (x86)/gnu arm embedded toolchain/10 2020-q4-major/bin/../lib/gcc/arm-none-eabi/10.2.1/../../../../arm-none-eabi/lib/thumb/v7e-m+fp/hard/crt0.o (memset)
c:/program files (x86)/gnu arm embedded toolchain/10 2020-q4-major/bin/../lib/gcc/arm-none-eabi/10.2.1/../../../../arm-none-eabi/lib/thumb/v7e-m+fp/hard\libc.a(lib_a-__call_atexit.o)
                              c:/program files (x86)/gnu arm embedded toolchain/10 2020-q4-major/bin/../lib/gcc/arm-none-eabi/10.2.1/../../../../arm-none-eabi/lib/thumb/v7e-m+fp/hard\libc.a(lib_a-exit.o) (__call_exitprocs)
c:/program files (x86)/gnu arm embedded toolchain/10 2020-q4-major/bin/../lib/gcc/arm-none-eabi/10.2.1/../../../../arm-none-eabi/lib/thumb/v7e-m+fp/hard\libc.a(lib_a-atexit.o)
                              c:/program files (x86)/gnu arm embedded toolchain/10 2020-q4-major/bin/../lib/gcc/arm-none-eabi/10.2.1/../../../../arm-none-eabi/lib/thumb/v7e-m+fp/hard\libc.a(lib_a-__call_atexit.o) (atexit)
c:/program files (x86)/gnu arm embedded toolchain/10 2020-q4-major/bin/../lib/gcc/arm-none-eabi/10.2.1/../../../../arm-none-eabi/lib/thumb/v7e-m+fp/hard\libc.a(lib_a-fini.o)
                              c:/program files (x86)/gnu arm embedded toolchain/10 2020-q4-major/bin/../lib/gcc/arm-none-eabi/10.2.1/../../../../arm-none-eabi/lib/thumb/v7e-m+fp/hard\libc.a(lib_a-__call_atexit.o) (__libc_fini_array)
c:/program files (x86)/gnu arm embedded toolchain/10 2020-q4-major/bin/../lib/gcc/arm-none-eabi/10.2.1/../../../../arm-none-eabi/lib/thumb/v7e-m+fp/hard\libc.a(lib_a-lock.o)
                              c:/program files (x86)/gnu arm embedded toolchain/10 2020-q4-major/bin/../lib/gcc/arm-none-eabi/10.2.1/../../../../arm-none-eabi/lib/thumb/v7e-m+fp/hard\libc.a(lib_a-__call_atexit.o) (__retarget_lock_acquire_recursive)
c:/program files (x86)/gnu arm embedded toolchain/10 2020-q4-major/bin/../lib/gcc/arm-none-eabi/10.2.1/../../../../arm-none-eabi/lib/thumb/v7e-m+fp/hard\libc.a(lib_a-__atexit.o)
                              c:/program files (x86)/gnu arm embedded toolchain/10 2020-q4-major/bin/../lib/gcc/arm-none-eabi/10.2.1/../../../../arm-none-eabi/lib/thumb/v7e-m+fp/hard\libc.a(lib_a-atexit.o) (__register_exitproc)
c:/program files (x86)/gnu arm embedded toolchain/10 2020-q4-major/bin/../lib/gcc/arm-none-eabi/10.2.1/../../../../arm-none-eabi/lib/thumb/v7e-m+fp/hard\libnosys.a(_exit.o)
                              c:/program files (x86)/gnu arm embedded toolchain/10 2020-q4-major/bin/../lib/gcc/arm-none-eabi/10.2.1/../../../../arm-none-eabi/lib/thumb/v7e-m+fp/hard\libc.a(lib_a-exit.o) (_exit)
c:/program files (x86)/gnu arm embedded toolchain/10 2020-q4-major/bin/../lib/gcc/arm-none-eabi/10.2.1/thumb/v7e-m+fp/hard\libgcc.a(_aeabi_uldivmod.o)
                              Build/stm32f4xx_hal_rcc.o (__aeabi_uldivmod)
c:/program files (x86)/gnu arm embedded toolchain/10 2020-q4-major/bin/../lib/gcc/arm-none-eabi/10.2.1/thumb/v7e-m+fp/hard\libgcc.a(_udivmoddi4.o)
                              c:/program files (x86)/gnu arm embedded toolchain/10 2020-q4-major/bin/../lib/gcc/arm-none-eabi/10.2.1/thumb/v7e-m+fp/hard\libgcc.a(_aeabi_uldivmod.o) (__udivmoddi4)
c:/program files (x86)/gnu arm embedded toolchain/10 2020-q4-major/bin/../lib/gcc/arm-none-eabi/10.2.1/thumb/v7e-m+fp/hard\libgcc.a(_dvmd_tls.o)
                              c:/program files (x86)/gnu arm embedded toolchain/10 2020-q4-major/bin/../lib/gcc/arm-none-eabi/10.2.1/thumb/v7e-m+fp/hard\libgcc.a(_aeabi_uldivmod.o) (__aeabi_ldiv0)

Discarded input sections

[...]
Memory Configuration

Name             Origin             Length             Attributes
RAM              0x20000000         0x00020000         xrw
FLASH            0x08000000         0x00040000         xr
*default*        0x00000000         0xffffffff

Linker script and memory map

LOAD c:/program files (x86)/gnu arm embedded toolchain/10 2020-q4-major/bin/../lib/gcc/arm-none-eabi/10.2.1/thumb/v7e-m+fp/hard/crti.o
LOAD c:/program files (x86)/gnu arm embedded toolchain/10 2020-q4-major/bin/../lib/gcc/arm-none-eabi/10.2.1/thumb/v7e-m+fp/hard/crtbegin.o
LOAD c:/program files (x86)/gnu arm embedded toolchain/10 2020-q4-major/bin/../lib/gcc/arm-none-eabi/10.2.1/../../../../arm-none-eabi/lib/thumb/v7e-m+fp/hard/crt0.o
LOAD Build/main.o
LOAD Build/NRF24L01.o
LOAD Build/gpio.o
LOAD Build/adc.o
LOAD Build/spi.o
LOAD Build/stm32f4xx_it.o
LOAD Build/stm32f4xx_hal_msp.o
LOAD Build/system_stm32f4xx.o
LOAD Build/usb_device.o
LOAD Build/usbd_desc.o
LOAD Build/usbd_cdc_if.o
LOAD Build/usbd_conf.o
LOAD Build/stm32f4xx_hal_pcd.o
LOAD Build/stm32f4xx_hal_pcd_ex.o
LOAD Build/stm32f4xx_ll_usb.o
LOAD Build/stm32f4xx_hal_rcc.o
LOAD Build/stm32f4xx_hal_rcc_ex.o
LOAD Build/stm32f4xx_hal_flash.o
LOAD Build/stm32f4xx_hal_flash_ex.o
LOAD Build/stm32f4xx_hal_flash_ramfunc.o
LOAD Build/stm32f4xx_hal_gpio.o
LOAD Build/stm32f4xx_hal_pwr.o
LOAD Build/stm32f4xx_hal_pwr_ex.o
LOAD Build/stm32f4xx_hal_cortex.o
LOAD Build/stm32f4xx_hal.o
LOAD Build/stm32f4xx_hal_exti.o
LOAD Build/stm32f4xx_hal_adc.o
LOAD Build/stm32f4xx_hal_adc_ex.o
LOAD Build/stm32f4xx_ll_adc.o
LOAD Build/stm32f4xx_hal_spi.o
LOAD Build/stm32f4xx_hal_tim.o
LOAD Build/stm32f4xx_hal_tim_ex.o
LOAD Build/usbd_core.o
LOAD Build/usbd_ctlreq.o
LOAD Build/usbd_ioreq.o
LOAD Build/usbd_cdc.o
LOAD Build/startup_stm32f411xe.o
LOAD c:/program files (x86)/gnu arm embedded toolchain/10 2020-q4-major/bin/../lib/gcc/arm-none-eabi/10.2.1/../../../../arm-none-eabi/lib/thumb/v7e-m+fp/hard\libc.a
LOAD c:/program files (x86)/gnu arm embedded toolchain/10 2020-q4-major/bin/../lib/gcc/arm-none-eabi/10.2.1/../../../../arm-none-eabi/lib/thumb/v7e-m+fp/hard\libsupc++.a
LOAD c:/program files (x86)/gnu arm embedded toolchain/10 2020-q4-major/bin/../lib/gcc/arm-none-eabi/10.2.1/../../../../arm-none-eabi/lib/thumb/v7e-m+fp/hard\libm.a
LOAD c:/program files (x86)/gnu arm embedded toolchain/10 2020-q4-major/bin/../lib/gcc/arm-none-eabi/10.2.1/../../../../arm-none-eabi/lib/thumb/v7e-m+fp/hard\libnosys.a
START GROUP
LOAD c:/program files (x86)/gnu arm embedded toolchain/10 2020-q4-major/bin/../lib/gcc/arm-none-eabi/10.2.1/thumb/v7e-m+fp/hard\libgcc.a
LOAD c:/program files (x86)/gnu arm embedded toolchain/10 2020-q4-major/bin/../lib/gcc/arm-none-eabi/10.2.1/../../../../arm-none-eabi/lib/thumb/v7e-m+fp/hard\libc.a
END GROUP
START GROUP
LOAD c:/program files (x86)/gnu arm embedded toolchain/10 2020-q4-major/bin/../lib/gcc/arm-none-eabi/10.2.1/thumb/v7e-m+fp/hard\libgcc.a
LOAD c:/program files (x86)/gnu arm embedded toolchain/10 2020-q4-major/bin/../lib/gcc/arm-none-eabi/10.2.1/../../../../arm-none-eabi/lib/thumb/v7e-m+fp/hard\libc.a
LOAD c:/program files (x86)/gnu arm embedded toolchain/10 2020-q4-major/bin/../lib/gcc/arm-none-eabi/10.2.1/../../../../arm-none-eabi/lib/thumb/v7e-m+fp/hard\libnosys.a
END GROUP
LOAD c:/program files (x86)/gnu arm embedded toolchain/10 2020-q4-major/bin/../lib/gcc/arm-none-eabi/10.2.1/thumb/v7e-m+fp/hard/crtend.o
LOAD c:/program files (x86)/gnu arm embedded toolchain/10 2020-q4-major/bin/../lib/gcc/arm-none-eabi/10.2.1/thumb/v7e-m+fp/hard/crtn.o
                0x20020000                _estack = 0x20020000
                0x00000200                _Min_Heap_Size = 0x200
                0x00000400                _Min_Stack_Size = 0x400

.isr_vector     0x08000000      0x198
                0x08000000                . = ALIGN (0x4)
 *(.isr_vector)
 .isr_vector    0x08000000      0x198 Build/startup_stm32f411xe.o
                0x08000000                g_pfnVectors
                0x08000198                . = ALIGN (0x4)

.text           0x08000198     0x487c
                0x08000198                . = ALIGN (0x4)
 *(.text)
 .text          0x08000198       0x40 c:/program files (x86)/gnu arm embedded toolchain/10 2020-q4-major/bin/../lib/gcc/arm-none-eabi/10.2.1/thumb/v7e-m+fp/hard/crtbegin.o
 .text          0x080001d8       0x30 c:/program files (x86)/gnu arm embedded toolchain/10 2020-q4-major/bin/../lib/gcc/arm-none-eabi/10.2.1/thumb/v7e-m+fp/hard\libgcc.a(_aeabi_uldivmod.o)
                0x080001d8                __aeabi_uldivmod
 .text          0x08000208      0x2d0 c:/program files (x86)/gnu arm embedded toolchain/10 2020-q4-major/bin/../lib/gcc/arm-none-eabi/10.2.1/thumb/v7e-m+fp/hard\libgcc.a(_udivmoddi4.o)
                0x08000208                __udivmoddi4
 .text          0x080004d8        0x4 c:/program files (x86)/gnu arm embedded toolchain/10 2020-q4-major/bin/../lib/gcc/arm-none-eabi/10.2.1/thumb/v7e-m+fp/hard\libgcc.a(_dvmd_tls.o)
                0x080004d8                __aeabi_idiv0
                0x080004d8                __aeabi_ldiv0
 *(.text*)
 .text.Error_Handler
                0x080004dc        0x4 Build/main.o
                0x080004dc                Error_Handler
 .text.SystemClock_Config
                0x080004e0       0xa8 Build/main.o
                0x080004e0                SystemClock_Config
 .text.main     0x08000588       0x68 Build/main.o
                0x08000588                main
 .text.NRF24L01_Read_Register
                0x080005f0       0x44 Build/NRF24L01.o
                0x080005f0                NRF24L01_Read_Register
 .text.NRF24L01_Write_Register
                0x08000634       0x48 Build/NRF24L01.o
                0x08000634                NRF24L01_Write_Register
 .text.NRF24L01_Write_Payload
                0x0800067c       0x5c Build/NRF24L01.o
                0x0800067c                NRF24L01_Write_Payload
 .text.NRF24L01_Initialise_Tx
                0x080006d8       0x7a Build/NRF24L01.o
                0x080006d8                NRF24L01_Initialise_Tx
 *fill*         0x08000752        0x2 
 .text.NRF24L01_Transmit
                0x08000754       0x58 Build/NRF24L01.o
                0x08000754                NRF24L01_Transmit
 .text.MX_GPIO_Init
                0x080007ac       0x80 Build/gpio.o
                0x080007ac                MX_GPIO_Init
 .text.MX_ADC1_Init
                0x0800082c       0x70 Build/adc.o
                0x0800082c                MX_ADC1_Init
 .text.HAL_ADC_MspInit
                0x0800089c       0x68 Build/adc.o
                0x0800089c                HAL_ADC_MspInit
 .text.MX_SPI3_Init
                0x08000904       0x44 Build/spi.o
                0x08000904                MX_SPI3_Init
 .text.HAL_SPI_MspInit
                0x08000948       0x70 Build/spi.o
                0x08000948                HAL_SPI_MspInit
 .text.NMI_Handler
                0x080009b8        0x2 Build/stm32f4xx_it.o
                0x080009b8                NMI_Handler
 .text.HardFault_Handler
                0x080009ba        0x2 Build/stm32f4xx_it.o
                0x080009ba                HardFault_Handler
 .text.MemManage_Handler
                0x080009bc        0x2 Build/stm32f4xx_it.o
                0x080009bc                MemManage_Handler
 .text.BusFault_Handler
                0x080009be        0x2 Build/stm32f4xx_it.o
                0x080009be                BusFault_Handler
 .text.UsageFault_Handler
                0x080009c0        0x2 Build/stm32f4xx_it.o
                0x080009c0                UsageFault_Handler
 .text.SVC_Handler
                0x080009c2        0x2 Build/stm32f4xx_it.o
                0x080009c2                SVC_Handler
 .text.DebugMon_Handler
                0x080009c4        0x2 Build/stm32f4xx_it.o
                0x080009c4                DebugMon_Handler
 .text.PendSV_Handler
                0x080009c6        0x2 Build/stm32f4xx_it.o
                0x080009c6                PendSV_Handler
 .text.SysTick_Handler
                0x080009c8        0x8 Build/stm32f4xx_it.o
                0x080009c8                SysTick_Handler
 .text.OTG_FS_IRQHandler
                0x080009d0       0x10 Build/stm32f4xx_it.o
                0x080009d0                OTG_FS_IRQHandler
 .text.HAL_MspInit
                0x080009e0       0x38 Build/stm32f4xx_hal_msp.o
                0x080009e0                HAL_MspInit
 .text.SystemInit
                0x08000a18       0x14 Build/system_stm32f4xx.o
                0x08000a18                SystemInit
 .text.MX_USB_DEVICE_Init
                0x08000a2c       0x54 Build/usb_device.o
                0x08000a2c                MX_USB_DEVICE_Init
 .text.USBD_FS_DeviceDescriptor
                0x08000a80        0xc Build/usbd_desc.o
                0x08000a80                USBD_FS_DeviceDescriptor
 .text.USBD_FS_LangIDStrDescriptor
                0x08000a8c        0xc Build/usbd_desc.o
                0x08000a8c                USBD_FS_LangIDStrDescriptor
 .text.IntToUnicode
                0x08000a98       0x46 Build/usbd_desc.o
 *fill*         0x08000ade        0x2 
 .text.Get_SerialNum
                0x08000ae0       0x38 Build/usbd_desc.o
 .text.USBD_FS_SerialStrDescriptor
                0x08000b18       0x14 Build/usbd_desc.o
                0x08000b18                USBD_FS_SerialStrDescriptor
 .text.USBD_FS_ProductStrDescriptor
                0x08000b2c       0x24 Build/usbd_desc.o
                0x08000b2c                USBD_FS_ProductStrDescriptor
 .text.USBD_FS_ManufacturerStrDescriptor
                0x08000b50       0x1c Build/usbd_desc.o
                0x08000b50                USBD_FS_ManufacturerStrDescriptor
 .text.USBD_FS_ConfigStrDescriptor
                0x08000b6c       0x24 Build/usbd_desc.o
                0x08000b6c                USBD_FS_ConfigStrDescriptor
 .text.USBD_FS_InterfaceStrDescriptor
                0x08000b90       0x24 Build/usbd_desc.o
                0x08000b90                USBD_FS_InterfaceStrDescriptor
 .text.CDC_DeInit_FS
                0x08000bb4        0x4 Build/usbd_cdc_if.o
 .text.CDC_Control_FS
                0x08000bb8        0x4 Build/usbd_cdc_if.o
 .text.CDC_TransmitCplt_FS
                0x08000bbc        0x4 Build/usbd_cdc_if.o
 .text.CDC_Receive_FS
                0x08000bc0       0x1c Build/usbd_cdc_if.o
 .text.CDC_Init_FS
                0x08000bdc       0x28 Build/usbd_cdc_if.o
 .text.HAL_PCD_MspInit
                0x08000c04       0x84 Build/usbd_conf.o
                0x08000c04                HAL_PCD_MspInit
 .text.HAL_PCD_SetupStageCallback
                0x08000c88       0x10 Build/usbd_conf.o
                0x08000c88                HAL_PCD_SetupStageCallback
 .text.HAL_PCD_DataOutStageCallback
                0x08000c98       0x18 Build/usbd_conf.o
                0x08000c98                HAL_PCD_DataOutStageCallback
 .text.HAL_PCD_DataInStageCallback
                0x08000cb0       0x16 Build/usbd_conf.o
                0x08000cb0                HAL_PCD_DataInStageCallback
 .text.HAL_PCD_SOFCallback
                0x08000cc6        0xc Build/usbd_conf.o
                0x08000cc6                HAL_PCD_SOFCallback
 .text.HAL_PCD_ResetCallback
                0x08000cd2       0x24 Build/usbd_conf.o
                0x08000cd2                HAL_PCD_ResetCallback
 *fill*         0x08000cf6        0x2 
 .text.HAL_PCD_SuspendCallback
                0x08000cf8       0x30 Build/usbd_conf.o
                0x08000cf8                HAL_PCD_SuspendCallback
 .text.HAL_PCD_ResumeCallback
                0x08000d28        0xc Build/usbd_conf.o
                0x08000d28                HAL_PCD_ResumeCallback
 .text.HAL_PCD_ISOOUTIncompleteCallback
                0x08000d34        0xc Build/usbd_conf.o
                0x08000d34                HAL_PCD_ISOOUTIncompleteCallback
 .text.HAL_PCD_ISOINIncompleteCallback
                0x08000d40        0xc Build/usbd_conf.o
                0x08000d40                HAL_PCD_ISOINIncompleteCallback
 .text.HAL_PCD_ConnectCallback
                0x08000d4c        0xc Build/usbd_conf.o
                0x08000d4c                HAL_PCD_ConnectCallback
 .text.HAL_PCD_DisconnectCallback
                0x08000d58        0xc Build/usbd_conf.o
                0x08000d58                HAL_PCD_DisconnectCallback
 .text.USBD_LL_Init
                0x08000d64       0x68 Build/usbd_conf.o
                0x08000d64                USBD_LL_Init
 .text.USBD_LL_IsStallEP
                0x08000dcc       0x2e Build/usbd_conf.o
                0x08000dcc                USBD_LL_IsStallEP
 .text.USBD_LL_GetRxDataSize
                0x08000dfa        0xc Build/usbd_conf.o
                0x08000dfa                USBD_LL_GetRxDataSize
 *fill*         0x08000e06        0x2 
 .text.USBD_static_malloc
                0x08000e08        0x8 Build/usbd_conf.o
                0x08000e08                USBD_static_malloc
 .text.USBD_static_free
                0x08000e10        0x2 Build/usbd_conf.o
                0x08000e10                USBD_static_free
 .text.USBD_Get_USB_Status
                0x08000e12       0x14 Build/usbd_conf.o
                0x08000e12                USBD_Get_USB_Status
 .text.USBD_LL_Start
                0x08000e26       0x10 Build/usbd_conf.o
                0x08000e26                USBD_LL_Start
 .text.USBD_LL_OpenEP
                0x08000e36       0x16 Build/usbd_conf.o
                0x08000e36                USBD_LL_OpenEP
 .text.USBD_LL_CloseEP
                0x08000e4c       0x10 Build/usbd_conf.o
                0x08000e4c                USBD_LL_CloseEP
 .text.USBD_LL_StallEP
                0x08000e5c       0x10 Build/usbd_conf.o
                0x08000e5c                USBD_LL_StallEP
 .text.USBD_LL_ClearStallEP
                0x08000e6c       0x10 Build/usbd_conf.o
                0x08000e6c                USBD_LL_ClearStallEP
 .text.USBD_LL_SetUSBAddress
                0x08000e7c       0x10 Build/usbd_conf.o
                0x08000e7c                USBD_LL_SetUSBAddress
 .text.USBD_LL_Transmit
                0x08000e8c       0x10 Build/usbd_conf.o
                0x08000e8c                USBD_LL_Transmit
 .text.USBD_LL_PrepareReceive
                0x08000e9c       0x10 Build/usbd_conf.o
                0x08000e9c                USBD_LL_PrepareReceive
 .text.PCD_WriteEmptyTxFifo
                0x08000eac       0xd0 Build/stm32f4xx_hal_pcd.o
 .text.HAL_PCD_Init
                0x08000f7c      0x12e Build/stm32f4xx_hal_pcd.o
                0x08000f7c                HAL_PCD_Init
 .text.HAL_PCD_Start
                0x080010aa       0x42 Build/stm32f4xx_hal_pcd.o
                0x080010aa                HAL_PCD_Start
 .text.PCD_EP_OutXfrComplete_int
                0x080010ec       0xf4 Build/stm32f4xx_hal_pcd.o
 .text.PCD_EP_OutSetupPacket_int
                0x080011e0       0x50 Build/stm32f4xx_hal_pcd.o
 .text.HAL_PCD_IRQHandler
                0x08001230      0x476 Build/stm32f4xx_hal_pcd.o
                0x08001230                HAL_PCD_IRQHandler
 .text.HAL_PCD_SetAddress
                0x080016a6       0x28 Build/stm32f4xx_hal_pcd.o
                0x080016a6                HAL_PCD_SetAddress
 .text.HAL_PCD_EP_Open
                0x080016ce       0x8a Build/stm32f4xx_hal_pcd.o
                0x080016ce                HAL_PCD_EP_Open
 .text.HAL_PCD_EP_Close
                0x08001758       0x72 Build/stm32f4xx_hal_pcd.o
                0x08001758                HAL_PCD_EP_Close
 .text.HAL_PCD_EP_Receive
                0x080017ca       0x5e Build/stm32f4xx_hal_pcd.o
                0x080017ca                HAL_PCD_EP_Receive
 .text.HAL_PCD_EP_GetRxCount
                0x08001828       0x12 Build/stm32f4xx_hal_pcd.o
                0x08001828                HAL_PCD_EP_GetRxCount
 .text.HAL_PCD_EP_Transmit
                0x0800183a       0x5e Build/stm32f4xx_hal_pcd.o
                0x0800183a                HAL_PCD_EP_Transmit
 .text.HAL_PCD_EP_SetStall
                0x08001898       0x88 Build/stm32f4xx_hal_pcd.o
                0x08001898                HAL_PCD_EP_SetStall
 .text.HAL_PCD_EP_ClrStall
                0x08001920       0x76 Build/stm32f4xx_hal_pcd.o
                0x08001920                HAL_PCD_EP_ClrStall
 .text.HAL_PCDEx_SetTxFiFo
                0x08001996       0x4c Build/stm32f4xx_hal_pcd_ex.o
                0x08001996                HAL_PCDEx_SetTxFiFo
 .text.HAL_PCDEx_SetRxFiFo
                0x080019e2        0x8 Build/stm32f4xx_hal_pcd_ex.o
                0x080019e2                HAL_PCDEx_SetRxFiFo
 .text.HAL_PCDEx_LPM_Callback
                0x080019ea        0x2 Build/stm32f4xx_hal_pcd_ex.o
                0x080019ea                HAL_PCDEx_LPM_Callback
 .text.USB_CoreReset
                0x080019ec       0x4c Build/stm32f4xx_ll_usb.o
 .text.USB_CoreInit
                0x08001a38       0x8a Build/stm32f4xx_ll_usb.o
                0x08001a38                USB_CoreInit
 *fill*         0x08001ac2        0x2 
 .text.USB_SetTurnaroundTime
                0x08001ac4       0xe4 Build/stm32f4xx_ll_usb.o
                0x08001ac4                USB_SetTurnaroundTime
 .text.USB_EnableGlobalInt
                0x08001ba8        0xc Build/stm32f4xx_ll_usb.o
                0x08001ba8                USB_EnableGlobalInt
 .text.USB_DisableGlobalInt
                0x08001bb4        0xc Build/stm32f4xx_ll_usb.o
                0x08001bb4                USB_DisableGlobalInt
 .text.USB_FlushTxFifo
                0x08001bc0       0x30 Build/stm32f4xx_ll_usb.o
                0x08001bc0                USB_FlushTxFifo
 .text.USB_FlushRxFifo
                0x08001bf0       0x2c Build/stm32f4xx_ll_usb.o
                0x08001bf0                USB_FlushRxFifo
 .text.USB_SetDevSpeed
                0x08001c1c        0xe Build/stm32f4xx_ll_usb.o
                0x08001c1c                USB_SetDevSpeed
 *fill*         0x08001c2a        0x2 
 .text.USB_DevInit
                0x08001c2c      0x190 Build/stm32f4xx_ll_usb.o
                0x08001c2c                USB_DevInit
 .text.USB_GetDevSpeed
                0x08001dbc       0x22 Build/stm32f4xx_ll_usb.o
                0x08001dbc                USB_GetDevSpeed
 .text.USB_ActivateEndpoint
                0x08001dde       0x9c Build/stm32f4xx_ll_usb.o
                0x08001dde                USB_ActivateEndpoint
 *fill*         0x08001e7a        0x2 
 .text.USB_DeactivateEndpoint
                0x08001e7c       0xe0 Build/stm32f4xx_ll_usb.o
                0x08001e7c                USB_DeactivateEndpoint
 .text.USB_EP0StartXfer
                0x08001f5c      0x120 Build/stm32f4xx_ll_usb.o
                0x08001f5c                USB_EP0StartXfer
 .text.USB_WritePacket
                0x0800207c       0x2e Build/stm32f4xx_ll_usb.o
                0x0800207c                USB_WritePacket
 *fill*         0x080020aa        0x2 
 .text.USB_EPStartXfer
                0x080020ac      0x238 Build/stm32f4xx_ll_usb.o
                0x080020ac                USB_EPStartXfer
 .text.USB_ReadPacket
                0x080022e4       0x54 Build/stm32f4xx_ll_usb.o
                0x080022e4                USB_ReadPacket
 .text.USB_EPSetStall
                0x08002338       0x5a Build/stm32f4xx_ll_usb.o
                0x08002338                USB_EPSetStall
 .text.USB_EPClearStall
                0x08002392       0x5c Build/stm32f4xx_ll_usb.o
                0x08002392                USB_EPClearStall
 .text.USB_SetDevAddress
                0x080023ee       0x20 Build/stm32f4xx_ll_usb.o
                0x080023ee                USB_SetDevAddress
 .text.USB_DevConnect
                0x0800240e       0x1c Build/stm32f4xx_ll_usb.o
                0x0800240e                USB_DevConnect
 .text.USB_DevDisconnect
                0x0800242a       0x1c Build/stm32f4xx_ll_usb.o
                0x0800242a                USB_DevDisconnect
 .text.USB_ReadInterrupts
                0x08002446        0x8 Build/stm32f4xx_ll_usb.o
                0x08002446                USB_ReadInterrupts
 .text.USB_ReadDevAllOutEpInterrupt
                0x0800244e       0x10 Build/stm32f4xx_ll_usb.o
                0x0800244e                USB_ReadDevAllOutEpInterrupt
 .text.USB_ReadDevAllInEpInterrupt
                0x0800245e       0x10 Build/stm32f4xx_ll_usb.o
                0x0800245e                USB_ReadDevAllInEpInterrupt
 .text.USB_ReadDevOutEPInterrupt
                0x0800246e       0x12 Build/stm32f4xx_ll_usb.o
                0x0800246e                USB_ReadDevOutEPInterrupt
 .text.USB_ReadDevInEPInterrupt
                0x08002480       0x28 Build/stm32f4xx_ll_usb.o
                0x08002480                USB_ReadDevInEPInterrupt
 .text.USB_GetMode
                0x080024a8        0x8 Build/stm32f4xx_ll_usb.o
                0x080024a8                USB_GetMode
 .text.USB_SetCurrentMode
                0x080024b0       0x62 Build/stm32f4xx_ll_usb.o
                0x080024b0                USB_SetCurrentMode
 .text.USB_ActivateSetup
                0x08002512       0x20 Build/stm32f4xx_ll_usb.o
                0x08002512                USB_ActivateSetup
 *fill*         0x08002532        0x2 
 .text.USB_EP0_OutStart
                0x08002534       0x60 Build/stm32f4xx_ll_usb.o
                0x08002534                USB_EP0_OutStart
 .text.HAL_RCC_OscConfig
                0x08002594      0x3f8 Build/stm32f4xx_hal_rcc.o
                0x08002594                HAL_RCC_OscConfig
 .text.HAL_RCC_GetSysClockFreq
                0x0800298c       0xc8 Build/stm32f4xx_hal_rcc.o
                0x0800298c                HAL_RCC_GetSysClockFreq
 .text.HAL_RCC_ClockConfig
                0x08002a54      0x160 Build/stm32f4xx_hal_rcc.o
                0x08002a54                HAL_RCC_ClockConfig
 .text.HAL_RCC_GetHCLKFreq
                0x08002bb4        0xc Build/stm32f4xx_hal_rcc.o
                0x08002bb4                HAL_RCC_GetHCLKFreq
 .text.HAL_GPIO_Init
                0x08002bc0      0x1c0 Build/stm32f4xx_hal_gpio.o
                0x08002bc0                HAL_GPIO_Init
 .text.HAL_GPIO_WritePin
                0x08002d80        0xc Build/stm32f4xx_hal_gpio.o
                0x08002d80                HAL_GPIO_WritePin
 .text.HAL_NVIC_SetPriorityGrouping
                0x08002d8c       0x24 Build/stm32f4xx_hal_cortex.o
                0x08002d8c                HAL_NVIC_SetPriorityGrouping
 .text.HAL_NVIC_SetPriority
                0x08002db0       0x70 Build/stm32f4xx_hal_cortex.o
                0x08002db0                HAL_NVIC_SetPriority
 .text.HAL_NVIC_EnableIRQ
                0x08002e20       0x1c Build/stm32f4xx_hal_cortex.o
                0x08002e20                HAL_NVIC_EnableIRQ
 .text.HAL_SYSTICK_Config
                0x08002e3c       0x28 Build/stm32f4xx_hal_cortex.o
                0x08002e3c                HAL_SYSTICK_Config
 .text.HAL_InitTick
                0x08002e64       0x4c Build/stm32f4xx_hal.o
                0x08002e64                HAL_InitTick
 .text.HAL_Init
                0x08002eb0       0x34 Build/stm32f4xx_hal.o
                0x08002eb0                HAL_Init
 .text.HAL_IncTick
                0x08002ee4       0x18 Build/stm32f4xx_hal.o
                0x08002ee4                HAL_IncTick
 .text.HAL_GetTick
                0x08002efc        0xc Build/stm32f4xx_hal.o
                0x08002efc                HAL_GetTick
 .text.HAL_Delay
                0x08002f08       0x28 Build/stm32f4xx_hal.o
                0x08002f08                HAL_Delay
 .text.ADC_Init
                0x08002f30      0x134 Build/stm32f4xx_hal_adc.o
 .text.HAL_ADC_Init
                0x08003064       0x56 Build/stm32f4xx_hal_adc.o
                0x08003064                HAL_ADC_Init
 *fill*         0x080030ba        0x2 
 .text.HAL_ADC_Start
                0x080030bc      0x108 Build/stm32f4xx_hal_adc.o
                0x080030bc                HAL_ADC_Start
 .text.HAL_ADC_PollForConversion
                0x080031c4       0xb8 Build/stm32f4xx_hal_adc.o
                0x080031c4                HAL_ADC_PollForConversion
 .text.HAL_ADC_GetValue
                0x0800327c        0x6 Build/stm32f4xx_hal_adc.o
                0x0800327c                HAL_ADC_GetValue
 *fill*         0x08003282        0x2 
 .text.HAL_ADC_ConfigChannel
                0x08003284      0x1ac Build/stm32f4xx_hal_adc.o
                0x08003284                HAL_ADC_ConfigChannel
 .text.SPI_WaitFlagStateUntilTimeout
                0x08003430       0xd4 Build/stm32f4xx_hal_spi.o
 .text.SPI_EndRxTxTransaction
                0x08003504       0x68 Build/stm32f4xx_hal_spi.o
 .text.HAL_SPI_Init
                0x0800356c       0xbe Build/stm32f4xx_hal_spi.o
                0x0800356c                HAL_SPI_Init
 .text.HAL_SPI_Transmit
                0x0800362a      0x1b8 Build/stm32f4xx_hal_spi.o
                0x0800362a                HAL_SPI_Transmit
 .text.HAL_SPI_TransmitReceive
                0x080037e2      0x238 Build/stm32f4xx_hal_spi.o
                0x080037e2                HAL_SPI_TransmitReceive
 .text.USBD_Init
                0x08003a1a       0x2e Build/usbd_core.o
                0x08003a1a                USBD_Init
 .text.USBD_RegisterClass
                0x08003a48       0x2e Build/usbd_core.o
                0x08003a48                USBD_RegisterClass
 .text.USBD_Start
                0x08003a76        0x8 Build/usbd_core.o
                0x08003a76                USBD_Start
 .text.USBD_SetClassConfig
                0x08003a7e       0x12 Build/usbd_core.o
                0x08003a7e                USBD_SetClassConfig
 .text.USBD_ClrClassConfig
                0x08003a90       0x10 Build/usbd_core.o
                0x08003a90                USBD_ClrClassConfig
 .text.USBD_LL_SetupStage
                0x08003aa0       0x58 Build/usbd_core.o
                0x08003aa0                USBD_LL_SetupStage
 .text.USBD_LL_DataOutStage
                0x08003af8       0x78 Build/usbd_core.o
                0x08003af8                USBD_LL_DataOutStage
 .text.USBD_LL_DataInStage
                0x08003b70       0xbe Build/usbd_core.o
                0x08003b70                USBD_LL_DataInStage
 .text.USBD_LL_Reset
                0x08003c2e       0x5a Build/usbd_core.o
                0x08003c2e                USBD_LL_Reset
 .text.USBD_LL_SetSpeed
                0x08003c88        0x6 Build/usbd_core.o
                0x08003c88                USBD_LL_SetSpeed
 .text.USBD_LL_Suspend
                0x08003c8e       0x14 Build/usbd_core.o
                0x08003c8e                USBD_LL_Suspend
 .text.USBD_LL_Resume
                0x08003ca2       0x1a Build/usbd_core.o
                0x08003ca2                USBD_LL_Resume
 .text.USBD_LL_SOF
                0x08003cbc       0x28 Build/usbd_core.o
                0x08003cbc                USBD_LL_SOF
 .text.USBD_LL_IsoINIncomplete
                0x08003ce4       0x28 Build/usbd_core.o
                0x08003ce4                USBD_LL_IsoINIncomplete
 .text.USBD_LL_IsoOUTIncomplete
                0x08003d0c       0x28 Build/usbd_core.o
                0x08003d0c                USBD_LL_IsoOUTIncomplete
 .text.USBD_LL_DevConnected
                0x08003d34        0x4 Build/usbd_core.o
                0x08003d34                USBD_LL_DevConnected
 .text.USBD_LL_DevDisconnected
                0x08003d38       0x18 Build/usbd_core.o
                0x08003d38                USBD_LL_DevDisconnected
 .text.USBD_GetLen
                0x08003d50       0x14 Build/usbd_ctlreq.o
 .text.USBD_SetFeature
                0x08003d64       0x14 Build/usbd_ctlreq.o
 .text.USBD_ParseSetupRequest
                0x08003d78       0x28 Build/usbd_ctlreq.o
                0x08003d78                USBD_ParseSetupRequest
 .text.USBD_CtlError
                0x08003da0       0x14 Build/usbd_ctlreq.o
                0x08003da0                USBD_CtlError
 .text.USBD_GetDescriptor
                0x08003db4      0x18a Build/usbd_ctlreq.o
 .text.USBD_SetAddress
                0x08003f3e       0x50 Build/usbd_ctlreq.o
 *fill*         0x08003f8e        0x2 
 .text.USBD_SetConfig
                0x08003f90       0xc8 Build/usbd_ctlreq.o
 .text.USBD_GetConfig
                0x08004058       0x40 Build/usbd_ctlreq.o
 .text.USBD_GetStatus
                0x08004098       0x38 Build/usbd_ctlreq.o
 .text.USBD_ClrFeature
                0x080040d0       0x26 Build/usbd_ctlreq.o
 .text.USBD_StdDevReq
                0x080040f6       0x70 Build/usbd_ctlreq.o
                0x080040f6                USBD_StdDevReq
 .text.USBD_StdItfReq
                0x08004166       0x68 Build/usbd_ctlreq.o
                0x08004166                USBD_StdItfReq
 .text.USBD_StdEPReq
                0x080041ce      0x1ec Build/usbd_ctlreq.o
                0x080041ce                USBD_StdEPReq
 .text.USBD_GetString
                0x080043ba       0x3a Build/usbd_ctlreq.o
                0x080043ba                USBD_GetString
 .text.USBD_CtlSendData
                0x080043f4       0x1a Build/usbd_ioreq.o
                0x080043f4                USBD_CtlSendData
 .text.USBD_CtlContinueSendData
                0x0800440e       0x10 Build/usbd_ioreq.o
                0x0800440e                USBD_CtlContinueSendData
 .text.USBD_CtlPrepareRx
                0x0800441e       0x1e Build/usbd_ioreq.o
                0x0800441e                USBD_CtlPrepareRx
 .text.USBD_CtlContinueRx
                0x0800443c       0x10 Build/usbd_ioreq.o
                0x0800443c                USBD_CtlContinueRx
 .text.USBD_CtlSendStatus
                0x0800444c       0x16 Build/usbd_ioreq.o
                0x0800444c                USBD_CtlSendStatus
 .text.USBD_CtlReceiveStatus
                0x08004462       0x16 Build/usbd_ioreq.o
                0x08004462                USBD_CtlReceiveStatus
 .text.USBD_CDC_EP0_RxReady
                0x08004478       0x36 Build/usbd_cdc.o
 *fill*         0x080044ae        0x2 
 .text.USBD_CDC_GetFSCfgDesc
                0x080044b0        0xc Build/usbd_cdc.o
 .text.USBD_CDC_GetHSCfgDesc
                0x080044bc        0xc Build/usbd_cdc.o
 .text.USBD_CDC_GetOtherSpeedCfgDesc
                0x080044c8        0xc Build/usbd_cdc.o
 .text.USBD_CDC_GetDeviceQualifierDescriptor
                0x080044d4        0xc Build/usbd_cdc.o
                0x080044d4                USBD_CDC_GetDeviceQualifierDescriptor
 .text.USBD_CDC_DataOut
                0x080044e0       0x2a Build/usbd_cdc.o
 .text.USBD_CDC_DataIn
                0x0800450a       0x6a Build/usbd_cdc.o
 .text.USBD_CDC_Setup
                0x08004574       0xf4 Build/usbd_cdc.o
 .text.USBD_CDC_DeInit
                0x08004668       0x48 Build/usbd_cdc.o
 .text.USBD_CDC_Init
                0x080046b0       0xc2 Build/usbd_cdc.o
 .text.USBD_CDC_RegisterInterface
                0x08004772        0xe Build/usbd_cdc.o
                0x08004772                USBD_CDC_RegisterInterface
 .text.USBD_CDC_SetTxBuffer
                0x08004780       0x16 Build/usbd_cdc.o
                0x08004780                USBD_CDC_SetTxBuffer
 .text.USBD_CDC_SetRxBuffer
                0x08004796       0x12 Build/usbd_cdc.o
                0x08004796                USBD_CDC_SetRxBuffer
 .text.USBD_CDC_ReceivePacket
                0x080047a8       0x32 Build/usbd_cdc.o
                0x080047a8                USBD_CDC_ReceivePacket
 *fill*         0x080047da        0x2 
 .text.Reset_Handler
                0x080047dc       0x50 Build/startup_stm32f411xe.o
                0x080047dc                Reset_Handler
 .text.Default_Handler
                0x0800482c        0x2 Build/startup_stm32f411xe.o
                0x0800482c                RTC_Alarm_IRQHandler
                0x0800482c                EXTI2_IRQHandler
                0x0800482c                SPI4_IRQHandler
                0x0800482c                TIM1_CC_IRQHandler
                0x0800482c                DMA2_Stream5_IRQHandler
                0x0800482c                DMA1_Stream5_IRQHandler
                0x0800482c                PVD_IRQHandler
                0x0800482c                SDIO_IRQHandler
                0x0800482c                TAMP_STAMP_IRQHandler
                0x0800482c                EXTI3_IRQHandler
                0x0800482c                TIM1_UP_TIM10_IRQHandler
                0x0800482c                I2C3_ER_IRQHandler
                0x0800482c                EXTI0_IRQHandler
                0x0800482c                I2C2_EV_IRQHandler
                0x0800482c                DMA1_Stream2_IRQHandler
                0x0800482c                FPU_IRQHandler
                0x0800482c                DMA2_Stream2_IRQHandler
                0x0800482c                SPI1_IRQHandler
                0x0800482c                TIM1_BRK_TIM9_IRQHandler
                0x0800482c                DMA2_Stream3_IRQHandler
                0x0800482c                USART6_IRQHandler
                0x0800482c                DMA2_Stream0_IRQHandler
                0x0800482c                TIM4_IRQHandler
                0x0800482c                I2C1_EV_IRQHandler
                0x0800482c                DMA1_Stream6_IRQHandler
                0x0800482c                DMA1_Stream1_IRQHandler
                0x0800482c                TIM3_IRQHandler
                0x0800482c                RCC_IRQHandler
                0x0800482c                Default_Handler
                0x0800482c                EXTI15_10_IRQHandler
                0x0800482c                ADC_IRQHandler
                0x0800482c                DMA1_Stream7_IRQHandler
                0x0800482c                SPI5_IRQHandler
                0x0800482c                TIM5_IRQHandler
                0x0800482c                DMA2_Stream7_IRQHandler
                0x0800482c                I2C3_EV_IRQHandler
                0x0800482c                EXTI9_5_IRQHandler
                0x0800482c                RTC_WKUP_IRQHandler
                0x0800482c                SPI2_IRQHandler
                0x0800482c                DMA1_Stream0_IRQHandler
                0x0800482c                EXTI4_IRQHandler
                0x0800482c                WWDG_IRQHandler
                0x0800482c                TIM2_IRQHandler
                0x0800482c                OTG_FS_WKUP_IRQHandler
                0x0800482c                TIM1_TRG_COM_TIM11_IRQHandler
                0x0800482c                EXTI1_IRQHandler
                0x0800482c                USART2_IRQHandler
                0x0800482c                I2C2_ER_IRQHandler
                0x0800482c                DMA2_Stream1_IRQHandler
                0x0800482c                FLASH_IRQHandler
                0x0800482c                DMA2_Stream4_IRQHandler
                0x0800482c                USART1_IRQHandler
                0x0800482c                SPI3_IRQHandler
                0x0800482c                DMA1_Stream4_IRQHandler
                0x0800482c                I2C1_ER_IRQHandler
                0x0800482c                DMA2_Stream6_IRQHandler
                0x0800482c                DMA1_Stream3_IRQHandler
 *fill*         0x0800482e        0x2 
 .text.__libc_init_array
                0x08004830       0x48 c:/program files (x86)/gnu arm embedded toolchain/10 2020-q4-major/bin/../lib/gcc/arm-none-eabi/10.2.1/../../../../arm-none-eabi/lib/thumb/v7e-m+fp/hard\libc.a(lib_a-init.o)
                0x08004830                __libc_init_array
 .text.memset   0x08004878       0xa4 c:/program files (x86)/gnu arm embedded toolchain/10 2020-q4-major/bin/../lib/gcc/arm-none-eabi/10.2.1/../../../../arm-none-eabi/lib/thumb/v7e-m+fp/hard\libc.a(lib_a-memset.o)
                0x08004878                memset
 .text.startup.register_fini
                0x0800491c       0x14 c:/program files (x86)/gnu arm embedded toolchain/10 2020-q4-major/bin/../lib/gcc/arm-none-eabi/10.2.1/../../../../arm-none-eabi/lib/thumb/v7e-m+fp/hard\libc.a(lib_a-__call_atexit.o)
 .text.atexit   0x08004930        0xc c:/program files (x86)/gnu arm embedded toolchain/10 2020-q4-major/bin/../lib/gcc/arm-none-eabi/10.2.1/../../../../arm-none-eabi/lib/thumb/v7e-m+fp/hard\libc.a(lib_a-atexit.o)
                0x08004930                atexit
 .text.__libc_fini_array
                0x0800493c       0x2c c:/program files (x86)/gnu arm embedded toolchain/10 2020-q4-major/bin/../lib/gcc/arm-none-eabi/10.2.1/../../../../arm-none-eabi/lib/thumb/v7e-m+fp/hard\libc.a(lib_a-fini.o)
                0x0800493c                __libc_fini_array
 .text.__retarget_lock_acquire_recursive
                0x08004968        0x4 c:/program files (x86)/gnu arm embedded toolchain/10 2020-q4-major/bin/../lib/gcc/arm-none-eabi/10.2.1/../../../../arm-none-eabi/lib/thumb/v7e-m+fp/hard\libc.a(lib_a-lock.o)
                0x08004968                __retarget_lock_acquire_recursive
 .text.__retarget_lock_release_recursive
                0x0800496c        0x4 c:/program files (x86)/gnu arm embedded toolchain/10 2020-q4-major/bin/../lib/gcc/arm-none-eabi/10.2.1/../../../../arm-none-eabi/lib/thumb/v7e-m+fp/hard\libc.a(lib_a-lock.o)
                0x0800496c                __retarget_lock_release_recursive
 .text.__register_exitproc
                0x08004970       0x8c c:/program files (x86)/gnu arm embedded toolchain/10 2020-q4-major/bin/../lib/gcc/arm-none-eabi/10.2.1/../../../../arm-none-eabi/lib/thumb/v7e-m+fp/hard\libc.a(lib_a-__atexit.o)
                0x08004970                __register_exitproc
 *(.glue_7)
 .glue_7        0x080049fc        0x0 linker stubs
 *(.glue_7t)
 .glue_7t       0x080049fc        0x0 linker stubs
 *(.eh_frame)
 .eh_frame      0x080049fc        0x0 c:/program files (x86)/gnu arm embedded toolchain/10 2020-q4-major/bin/../lib/gcc/arm-none-eabi/10.2.1/thumb/v7e-m+fp/hard/crtbegin.o
 *(.init)
 .init          0x080049fc        0x4 c:/program files (x86)/gnu arm embedded toolchain/10 2020-q4-major/bin/../lib/gcc/arm-none-eabi/10.2.1/thumb/v7e-m+fp/hard/crti.o
                0x080049fc                _init
 .init          0x08004a00        0x8 c:/program files (x86)/gnu arm embedded toolchain/10 2020-q4-major/bin/../lib/gcc/arm-none-eabi/10.2.1/thumb/v7e-m+fp/hard/crtn.o
 *(.fini)
 .fini          0x08004a08        0x4 c:/program files (x86)/gnu arm embedded toolchain/10 2020-q4-major/bin/../lib/gcc/arm-none-eabi/10.2.1/thumb/v7e-m+fp/hard/crti.o
                0x08004a08                _fini
 .fini          0x08004a0c        0x8 c:/program files (x86)/gnu arm embedded toolchain/10 2020-q4-major/bin/../lib/gcc/arm-none-eabi/10.2.1/thumb/v7e-m+fp/hard/crtn.o
                0x08004a14                . = ALIGN (0x4)
                0x08004a14                _etext = .

.vfp11_veneer   0x08004a14        0x0
 .vfp11_veneer  0x08004a14        0x0 linker stubs

.v4_bx          0x08004a14        0x0
 .v4_bx         0x08004a14        0x0 linker stubs

.iplt           0x08004a14        0x0
 .iplt          0x08004a14        0x0 c:/program files (x86)/gnu arm embedded toolchain/10 2020-q4-major/bin/../lib/gcc/arm-none-eabi/10.2.1/thumb/v7e-m+fp/hard/crtbegin.o

.rodata         0x08004a14       0x5c
                0x08004a14                . = ALIGN (0x4)
 *(.rodata)
 *(.rodata*)
 .rodata.AHBPrescTable
                0x08004a14       0x10 Build/system_stm32f4xx.o
                0x08004a14                AHBPrescTable
 .rodata.USBD_FS_ProductStrDescriptor.str1.4
                0x08004a24       0x16 Build/usbd_desc.o
 *fill*         0x08004a3a        0x2 
 .rodata.USBD_FS_ManufacturerStrDescriptor.str1.4
                0x08004a3c       0x13 Build/usbd_desc.o
 *fill*         0x08004a4f        0x1 
 .rodata.USBD_FS_ConfigStrDescriptor.str1.4
                0x08004a50        0xb Build/usbd_desc.o
 *fill*         0x08004a5b        0x1 
 .rodata.USBD_FS_InterfaceStrDescriptor.str1.4
                0x08004a5c        0xe Build/usbd_desc.o
 *fill*         0x08004a6a        0x2 
 .rodata._global_impure_ptr
                0x08004a6c        0x4 c:/program files (x86)/gnu arm embedded toolchain/10 2020-q4-major/bin/../lib/gcc/arm-none-eabi/10.2.1/../../../../arm-none-eabi/lib/thumb/v7e-m+fp/hard\libc.a(lib_a-impure.o)
                0x08004a6c                _global_impure_ptr
                0x08004a70                . = ALIGN (0x4)

.ARM.extab
 *(.ARM.extab* .gnu.linkonce.armextab.*)

.ARM            0x08004a70        0x8
                0x08004a70                __exidx_start = .
 *(.ARM.exidx*)
 .ARM.exidx     0x08004a70        0x8 c:/program files (x86)/gnu arm embedded toolchain/10 2020-q4-major/bin/../lib/gcc/arm-none-eabi/10.2.1/thumb/v7e-m+fp/hard\libgcc.a(_udivmoddi4.o)
                0x08004a78                __exidx_end = .

.rel.dyn        0x08004a78        0x0
 .rel.iplt      0x08004a78        0x0 c:/program files (x86)/gnu arm embedded toolchain/10 2020-q4-major/bin/../lib/gcc/arm-none-eabi/10.2.1/thumb/v7e-m+fp/hard/crtbegin.o

.preinit_array  0x08004a78        0x0
                0x08004a78                PROVIDE (__preinit_array_start = .)
 *(.preinit_array*)
                0x08004a78                PROVIDE (__preinit_array_end = .)

.init_array     0x08004a78        0x8
                0x08004a78                PROVIDE (__init_array_start = .)
 *(SORT_BY_NAME(.init_array.*))
 .init_array.00000
                0x08004a78        0x4 c:/program files (x86)/gnu arm embedded toolchain/10 2020-q4-major/bin/../lib/gcc/arm-none-eabi/10.2.1/../../../../arm-none-eabi/lib/thumb/v7e-m+fp/hard\libc.a(lib_a-__call_atexit.o)
 *(.init_array*)
 .init_array    0x08004a7c        0x4 c:/program files (x86)/gnu arm embedded toolchain/10 2020-q4-major/bin/../lib/gcc/arm-none-eabi/10.2.1/thumb/v7e-m+fp/hard/crtbegin.o
                0x08004a80                PROVIDE (__init_array_end = .)

.fini_array     0x08004a80        0x4
                0x08004a80                PROVIDE (__fini_array_start = .)
 *(SORT_BY_NAME(.fini_array.*))
 *(.fini_array*)
 .fini_array    0x08004a80        0x4 c:/program files (x86)/gnu arm embedded toolchain/10 2020-q4-major/bin/../lib/gcc/arm-none-eabi/10.2.1/thumb/v7e-m+fp/hard/crtbegin.o
                0x08004a84                PROVIDE (__fini_array_end = .)
                0x08004a84                _sidata = LOADADDR (.data)

.data           0x20000000      0x5ac load address 0x08004a84
                0x20000000                . = ALIGN (0x4)
                0x20000000                _sdata = .
 *(.data)
 *(.data*)
 .data.SystemCoreClock
                0x20000000        0x4 Build/system_stm32f4xx.o
                0x20000000                SystemCoreClock
 .data.FS_Desc  0x20000004       0x1c Build/usbd_desc.o
                0x20000004                FS_Desc
 .data.USBD_FS_DeviceDesc
                0x20000020       0x12 Build/usbd_desc.o
                0x20000020                USBD_FS_DeviceDesc
 *fill*         0x20000032        0x2 
 .data.USBD_LangIDDesc
                0x20000034        0x4 Build/usbd_desc.o
                0x20000034                USBD_LangIDDesc
 .data.USBD_StringSerial
                0x20000038       0x1a Build/usbd_desc.o
                0x20000038                USBD_StringSerial
 *fill*         0x20000052        0x2 
 .data.USBD_Interface_fops_FS
                0x20000054       0x14 Build/usbd_cdc_if.o
                0x20000054                USBD_Interface_fops_FS
 .data.uwTickFreq
                0x20000068        0x1 Build/stm32f4xx_hal.o
                0x20000068                uwTickFreq
 *fill*         0x20000069        0x3 
 .data.uwTickPrio
                0x2000006c        0x4 Build/stm32f4xx_hal.o
                0x2000006c                uwTickPrio
 .data.USBD_CDC
                0x20000070       0x38 Build/usbd_cdc.o
                0x20000070                USBD_CDC
 .data.USBD_CDC_CfgFSDesc
                0x200000a8       0x43 Build/usbd_cdc.o
 *fill*         0x200000eb        0x1 
 .data.USBD_CDC_CfgHSDesc
                0x200000ec       0x43 Build/usbd_cdc.o
 *fill*         0x2000012f        0x1 
 .data.USBD_CDC_DeviceQualifierDesc
                0x20000130        0xa Build/usbd_cdc.o
 *fill*         0x2000013a        0x2 
 .data.USBD_CDC_OtherSpeedCfgDesc
                0x2000013c       0x43 Build/usbd_cdc.o
 *fill*         0x2000017f        0x1 
 .data.impure_data
                0x20000180      0x428 c:/program files (x86)/gnu arm embedded toolchain/10 2020-q4-major/bin/../lib/gcc/arm-none-eabi/10.2.1/../../../../arm-none-eabi/lib/thumb/v7e-m+fp/hard\libc.a(lib_a-impure.o)
 .data.__atexit_recursive_mutex
                0x200005a8        0x4 c:/program files (x86)/gnu arm embedded toolchain/10 2020-q4-major/bin/../lib/gcc/arm-none-eabi/10.2.1/../../../../arm-none-eabi/lib/thumb/v7e-m+fp/hard\libc.a(lib_a-__call_atexit.o)
                0x200005a8                __atexit_recursive_mutex
                0x200005ac                . = ALIGN (0x4)
                0x200005ac                _edata = .

.igot.plt       0x200005ac        0x0 load address 0x08005030
 .igot.plt      0x200005ac        0x0 c:/program files (x86)/gnu arm embedded toolchain/10 2020-q4-major/bin/../lib/gcc/arm-none-eabi/10.2.1/thumb/v7e-m+fp/hard/crtbegin.o
                0x200005ac                . = ALIGN (0x4)

.bss            0x200005ac     0x1bc0 load address 0x08005030
                0x200005ac                _sbss = .
                0x200005ac                __bss_start__ = _sbss
 *(.bss)
 .bss           0x200005ac       0x1c c:/program files (x86)/gnu arm embedded toolchain/10 2020-q4-major/bin/../lib/gcc/arm-none-eabi/10.2.1/thumb/v7e-m+fp/hard/crtbegin.o
 *(.bss*)
 .bss.hadc1     0x200005c8       0x48 Build/adc.o
                0x200005c8                hadc1
 .bss.hspi3     0x20000610       0x58 Build/spi.o
                0x20000610                hspi3
 .bss.hUsbDeviceFS
                0x20000668      0x2d0 Build/usb_device.o
                0x20000668                hUsbDeviceFS
 .bss.USBD_StrDesc
                0x20000938      0x200 Build/usbd_desc.o
                0x20000938                USBD_StrDesc
 .bss.UserRxBufferFS
                0x20000b38      0x800 Build/usbd_cdc_if.o
                0x20000b38                UserRxBufferFS
 .bss.UserTxBufferFS
                0x20001338      0x800 Build/usbd_cdc_if.o
                0x20001338                UserTxBufferFS
 .bss.hpcd_USB_OTG_FS
                0x20001b38      0x408 Build/usbd_conf.o
                0x20001b38                hpcd_USB_OTG_FS
 .bss.mem.0     0x20001f40      0x220 Build/usbd_conf.o
 .bss.uwTick    0x20002160        0x4 Build/stm32f4xx_hal.o
                0x20002160                uwTick
 .bss.cfgidx.0  0x20002164        0x1 Build/usbd_ctlreq.o
 *fill*         0x20002165        0x3 
 .bss.__lock___atexit_recursive_mutex
                0x20002168        0x1 c:/program files (x86)/gnu arm embedded toolchain/10 2020-q4-major/bin/../lib/gcc/arm-none-eabi/10.2.1/../../../../arm-none-eabi/lib/thumb/v7e-m+fp/hard\libc.a(lib_a-lock.o)
                0x20002168                __lock___atexit_recursive_mutex
 *(COMMON)
                0x2000216c                . = ALIGN (0x4)
 *fill*         0x20002169        0x3 
                0x2000216c                _ebss = .
                0x2000216c                __bss_end__ = _ebss

._user_heap_stack
                0x2000216c      0x604 load address 0x08005030
                0x20002170                . = ALIGN (0x8)
 *fill*         0x2000216c        0x4 
                [!provide]                PROVIDE (end = .)
                [!provide]                PROVIDE (_end = .)
                0x20002370                . = (. + _Min_Heap_Size)
 *fill*         0x20002170      0x200 
                0x20002770                . = (. + _Min_Stack_Size)
 *fill*         0x20002370      0x400 
                0x20002770                . = ALIGN (0x8)

/DISCARD/
 libc.a(*)
 libm.a(*)
 libgcc.a(*)

.ARM.attributes
                0x00000000       0x30
 *(.ARM.attributes)
 .ARM.attributes
                0x00000000       0x1e c:/program files (x86)/gnu arm embedded toolchain/10 2020-q4-major/bin/../lib/gcc/arm-none-eabi/10.2.1/thumb/v7e-m+fp/hard/crti.o
 .ARM.attributes
                0x0000001e       0x34 c:/program files (x86)/gnu arm embedded toolchain/10 2020-q4-major/bin/../lib/gcc/arm-none-eabi/10.2.1/thumb/v7e-m+fp/hard/crtbegin.o
 .ARM.attributes
                0x00000052       0x34 Build/main.o
 .ARM.attributes
                0x00000086       0x34 Build/NRF24L01.o
 .ARM.attributes
                0x000000ba       0x34 Build/gpio.o
 .ARM.attributes
                0x000000ee       0x34 Build/adc.o
 .ARM.attributes
                0x00000122       0x34 Build/spi.o
 .ARM.attributes
                0x00000156       0x34 Build/stm32f4xx_it.o
 .ARM.attributes
                0x0000018a       0x34 Build/stm32f4xx_hal_msp.o
 .ARM.attributes
                0x000001be       0x34 Build/system_stm32f4xx.o
 .ARM.attributes
                0x000001f2       0x34 Build/usb_device.o
 .ARM.attributes
                0x00000226       0x34 Build/usbd_desc.o
 .ARM.attributes
                0x0000025a       0x34 Build/usbd_cdc_if.o
 .ARM.attributes
                0x0000028e       0x34 Build/usbd_conf.o
 .ARM.attributes
                0x000002c2       0x34 Build/stm32f4xx_hal_pcd.o
 .ARM.attributes
                0x000002f6       0x34 Build/stm32f4xx_hal_pcd_ex.o
 .ARM.attributes
                0x0000032a       0x34 Build/stm32f4xx_ll_usb.o
 .ARM.attributes
                0x0000035e       0x34 Build/stm32f4xx_hal_rcc.o
 .ARM.attributes
                0x00000392       0x34 Build/stm32f4xx_hal_gpio.o
 .ARM.attributes
                0x000003c6       0x34 Build/stm32f4xx_hal_cortex.o
 .ARM.attributes
                0x000003fa       0x34 Build/stm32f4xx_hal.o
 .ARM.attributes
                0x0000042e       0x34 Build/stm32f4xx_hal_adc.o
 .ARM.attributes
                0x00000462       0x34 Build/stm32f4xx_hal_spi.o
 .ARM.attributes
                0x00000496       0x34 Build/usbd_core.o
 .ARM.attributes
                0x000004ca       0x34 Build/usbd_ctlreq.o
 .ARM.attributes
                0x000004fe       0x34 Build/usbd_ioreq.o
 .ARM.attributes
                0x00000532       0x34 Build/usbd_cdc.o
 .ARM.attributes
                0x00000566       0x21 Build/startup_stm32f411xe.o
 .ARM.attributes
                0x00000587       0x32 c:/program files (x86)/gnu arm embedded toolchain/10 2020-q4-major/bin/../lib/gcc/arm-none-eabi/10.2.1/../../../../arm-none-eabi/lib/thumb/v7e-m+fp/hard\libc.a(lib_a-impure.o)
 .ARM.attributes
                0x000005b9       0x34 c:/program files (x86)/gnu arm embedded toolchain/10 2020-q4-major/bin/../lib/gcc/arm-none-eabi/10.2.1/../../../../arm-none-eabi/lib/thumb/v7e-m+fp/hard\libc.a(lib_a-init.o)
 .ARM.attributes
                0x000005ed       0x34 c:/program files (x86)/gnu arm embedded toolchain/10 2020-q4-major/bin/../lib/gcc/arm-none-eabi/10.2.1/../../../../arm-none-eabi/lib/thumb/v7e-m+fp/hard\libc.a(lib_a-memset.o)
 .ARM.attributes
                0x00000621       0x34 c:/program files (x86)/gnu arm embedded toolchain/10 2020-q4-major/bin/../lib/gcc/arm-none-eabi/10.2.1/../../../../arm-none-eabi/lib/thumb/v7e-m+fp/hard\libc.a(lib_a-__call_atexit.o)
 .ARM.attributes
                0x00000655       0x34 c:/program files (x86)/gnu arm embedded toolchain/10 2020-q4-major/bin/../lib/gcc/arm-none-eabi/10.2.1/../../../../arm-none-eabi/lib/thumb/v7e-m+fp/hard\libc.a(lib_a-atexit.o)
 .ARM.attributes
                0x00000689       0x34 c:/program files (x86)/gnu arm embedded toolchain/10 2020-q4-major/bin/../lib/gcc/arm-none-eabi/10.2.1/../../../../arm-none-eabi/lib/thumb/v7e-m+fp/hard\libc.a(lib_a-fini.o)
 .ARM.attributes
                0x000006bd       0x34 c:/program files (x86)/gnu arm embedded toolchain/10 2020-q4-major/bin/../lib/gcc/arm-none-eabi/10.2.1/../../../../arm-none-eabi/lib/thumb/v7e-m+fp/hard\libc.a(lib_a-lock.o)
 .ARM.attributes
                0x000006f1       0x34 c:/program files (x86)/gnu arm embedded toolchain/10 2020-q4-major/bin/../lib/gcc/arm-none-eabi/10.2.1/../../../../arm-none-eabi/lib/thumb/v7e-m+fp/hard\libc.a(lib_a-__atexit.o)
 .ARM.attributes
                0x00000725       0x1e c:/program files (x86)/gnu arm embedded toolchain/10 2020-q4-major/bin/../lib/gcc/arm-none-eabi/10.2.1/thumb/v7e-m+fp/hard\libgcc.a(_aeabi_uldivmod.o)
 .ARM.attributes
                0x00000743       0x34 c:/program files (x86)/gnu arm embedded toolchain/10 2020-q4-major/bin/../lib/gcc/arm-none-eabi/10.2.1/thumb/v7e-m+fp/hard\libgcc.a(_udivmoddi4.o)
 .ARM.attributes
                0x00000777       0x1e c:/program files (x86)/gnu arm embedded toolchain/10 2020-q4-major/bin/../lib/gcc/arm-none-eabi/10.2.1/thumb/v7e-m+fp/hard\libgcc.a(_dvmd_tls.o)
 .ARM.attributes
                0x00000795       0x1e c:/program files (x86)/gnu arm embedded toolchain/10 2020-q4-major/bin/../lib/gcc/arm-none-eabi/10.2.1/thumb/v7e-m+fp/hard/crtn.o
OUTPUT(Build/Radio_Controller.elf elf32-littlearm)
LOAD linker stubs
LOAD c:/program files (x86)/gnu arm embedded toolchain/10 2020-q4-major/bin/../lib/gcc/arm-none-eabi/10.2.1/../../../../arm-none-eabi/lib/thumb/v7e-m+fp/hard\libc.a
LOAD c:/program files (x86)/gnu arm embedded toolchain/10 2020-q4-major/bin/../lib/gcc/arm-none-eabi/10.2.1/../../../../arm-none-eabi/lib/thumb/v7e-m+fp/hard\libm.a
LOAD c:/program files (x86)/gnu arm embedded toolchain/10 2020-q4-major/bin/../lib/gcc/arm-none-eabi/10.2.1/thumb/v7e-m+fp/hard\libgcc.a

.debug_info     0x00000000    0x16499
 .debug_info    0x00000000      0xd07 Build/main.o
 .debug_info    0x00000d07      0xe10 Build/NRF24L01.o
 .debug_info    0x00001b17      0x4f5 Build/gpio.o
 .debug_info    0x0000200c      0xb9f Build/adc.o
 .debug_info    0x00002bab      0xb41 Build/spi.o
 .debug_info    0x000036ec      0x6de Build/stm32f4xx_it.o
 .debug_info    0x00003dca      0x31d Build/stm32f4xx_hal_msp.o
 .debug_info    0x000040e7      0x5e5 Build/system_stm32f4xx.o
 .debug_info    0x000046cc      0x7e4 Build/usb_device.o
 .debug_info    0x00004eb0      0x641 Build/usbd_desc.o
 .debug_info    0x000054f1      0xa4b Build/usbd_cdc_if.o
 .debug_info    0x00005f3c     0x20a6 Build/usbd_conf.o
 .debug_info    0x00007fe2     0x1b80 Build/stm32f4xx_hal_pcd.o
 .debug_info    0x00009b62      0x785 Build/stm32f4xx_hal_pcd_ex.o
 .debug_info    0x0000a2e7     0x20a8 Build/stm32f4xx_ll_usb.o
 .debug_info    0x0000c38f      0xc14 Build/stm32f4xx_hal_rcc.o
 .debug_info    0x0000cfa3      0x872 Build/stm32f4xx_hal_gpio.o
 .debug_info    0x0000d815     0x10e4 Build/stm32f4xx_hal_cortex.o
 .debug_info    0x0000e8f9      0xa67 Build/stm32f4xx_hal.o
 .debug_info    0x0000f360      0xfd8 Build/stm32f4xx_hal_adc.o
 .debug_info    0x00010338     0x200d Build/stm32f4xx_hal_spi.o
 .debug_info    0x00012345      0xf2f Build/usbd_core.o
 .debug_info    0x00013274     0x13b8 Build/usbd_ctlreq.o
 .debug_info    0x0001462c      0x913 Build/usbd_ioreq.o
 .debug_info    0x00014f3f     0x1538 Build/usbd_cdc.o
 .debug_info    0x00016477       0x22 Build/startup_stm32f411xe.o

.debug_abbrev   0x00000000     0x3736
 .debug_abbrev  0x00000000      0x227 Build/main.o
 .debug_abbrev  0x00000227      0x1fc Build/NRF24L01.o
 .debug_abbrev  0x00000423      0x151 Build/gpio.o
 .debug_abbrev  0x00000574      0x1d7 Build/adc.o
 .debug_abbrev  0x0000074b      0x1d7 Build/spi.o
 .debug_abbrev  0x00000922      0x17c Build/stm32f4xx_it.o
 .debug_abbrev  0x00000a9e       0xd3 Build/stm32f4xx_hal_msp.o
 .debug_abbrev  0x00000b71      0x11b Build/system_stm32f4xx.o
 .debug_abbrev  0x00000c8c      0x199 Build/usb_device.o
 .debug_abbrev  0x00000e25      0x1eb Build/usbd_desc.o
 .debug_abbrev  0x00001010      0x2cc Build/usbd_cdc_if.o
 .debug_abbrev  0x000012dc      0x2d8 Build/usbd_conf.o
 .debug_abbrev  0x000015b4      0x2c2 Build/stm32f4xx_hal_pcd.o
 .debug_abbrev  0x00001876      0x1c5 Build/stm32f4xx_hal_pcd_ex.o
 .debug_abbrev  0x00001a3b      0x2f9 Build/stm32f4xx_ll_usb.o
 .debug_abbrev  0x00001d34      0x2aa Build/stm32f4xx_hal_rcc.o
 .debug_abbrev  0x00001fde      0x22b Build/stm32f4xx_hal_gpio.o
 .debug_abbrev  0x00002209      0x382 Build/stm32f4xx_hal_cortex.o
 .debug_abbrev  0x0000258b      0x23a Build/stm32f4xx_hal.o
 .debug_abbrev  0x000027c5      0x252 Build/stm32f4xx_hal_adc.o
 .debug_abbrev  0x00002a17      0x2a6 Build/stm32f4xx_hal_spi.o
 .debug_abbrev  0x00002cbd      0x27e Build/usbd_core.o
 .debug_abbrev  0x00002f3b      0x369 Build/usbd_ctlreq.o
 .debug_abbrev  0x000032a4      0x187 Build/usbd_ioreq.o
 .debug_abbrev  0x0000342b      0x2f9 Build/usbd_cdc.o
 .debug_abbrev  0x00003724       0x12 Build/startup_stm32f411xe.o

.debug_loc      0x00000000     0xdc49
 .debug_loc     0x00000000       0x72 Build/main.o
 .debug_loc     0x00000072      0x3f5 Build/NRF24L01.o
 .debug_loc     0x00000467       0x38 Build/gpio.o
 .debug_loc     0x0000049f      0x12c Build/adc.o
 .debug_loc     0x000005cb      0x108 Build/spi.o
 .debug_loc     0x000006d3       0x40 Build/stm32f4xx_it.o
 .debug_loc     0x00000713       0x2c Build/stm32f4xx_hal_msp.o
 .debug_loc     0x0000073f      0x158 Build/system_stm32f4xx.o
 .debug_loc     0x00000897       0x20 Build/usb_device.o
 .debug_loc     0x000008b7      0x47b Build/usbd_desc.o
 .debug_loc     0x00000d32      0x1bc Build/usbd_cdc_if.o
 .debug_loc     0x00000eee      0xf03 Build/usbd_conf.o
 .debug_loc     0x00001df1     0x1539 Build/stm32f4xx_hal_pcd.o
 .debug_loc     0x0000332a      0x116 Build/stm32f4xx_hal_pcd_ex.o
 .debug_loc     0x00003440     0x2a0e Build/stm32f4xx_ll_usb.o
 .debug_loc     0x00005e4e      0x700 Build/stm32f4xx_hal_rcc.o
 .debug_loc     0x0000654e      0x5e8 Build/stm32f4xx_hal_gpio.o
 .debug_loc     0x00006b36      0x7a4 Build/stm32f4xx_hal_cortex.o
 .debug_loc     0x000072da      0x1e1 Build/stm32f4xx_hal.o
 .debug_loc     0x000074bb      0xd76 Build/stm32f4xx_hal_adc.o
 .debug_loc     0x00008231     0x2501 Build/stm32f4xx_hal_spi.o
 .debug_loc     0x0000a732      0xdea Build/usbd_core.o
 .debug_loc     0x0000b51c     0x188d Build/usbd_ctlreq.o
 .debug_loc     0x0000cda9      0x398 Build/usbd_ioreq.o
 .debug_loc     0x0000d141      0xb08 Build/usbd_cdc.o

.debug_aranges  0x00000000      0xe10
 .debug_aranges
                0x00000000       0x30 Build/main.o
 .debug_aranges
                0x00000030       0x58 Build/NRF24L01.o
 .debug_aranges
                0x00000088       0x20 Build/gpio.o
 .debug_aranges
                0x000000a8       0x30 Build/adc.o
 .debug_aranges
                0x000000d8       0x30 Build/spi.o
 .debug_aranges
                0x00000108       0x68 Build/stm32f4xx_it.o
 .debug_aranges
                0x00000170       0x20 Build/stm32f4xx_hal_msp.o
 .debug_aranges
                0x00000190       0x28 Build/system_stm32f4xx.o
 .debug_aranges
                0x000001b8       0x20 Build/usb_device.o
 .debug_aranges
                0x000001d8       0x60 Build/usbd_desc.o
 .debug_aranges
                0x00000238       0x48 Build/usbd_cdc_if.o
 .debug_aranges
                0x00000280      0x110 Build/usbd_conf.o
 .debug_aranges
                0x00000390      0x138 Build/stm32f4xx_hal_pcd.o
 .debug_aranges
                0x000004c8       0x38 Build/stm32f4xx_hal_pcd_ex.o
 .debug_aranges
                0x00000500      0x198 Build/stm32f4xx_ll_usb.o
 .debug_aranges
                0x00000698       0x88 Build/stm32f4xx_hal_rcc.o
 .debug_aranges
                0x00000720       0x58 Build/stm32f4xx_hal_gpio.o
 .debug_aranges
                0x00000778       0xa8 Build/stm32f4xx_hal_cortex.o
 .debug_aranges
                0x00000820       0xf0 Build/stm32f4xx_hal.o
 .debug_aranges
                0x00000910       0xe8 Build/stm32f4xx_hal_adc.o
 .debug_aranges
                0x000009f8      0x1d0 Build/stm32f4xx_hal_spi.o
 .debug_aranges
                0x00000bc8       0xb8 Build/usbd_core.o
 .debug_aranges
                0x00000c80       0x88 Build/usbd_ctlreq.o
 .debug_aranges
                0x00000d08       0x50 Build/usbd_ioreq.o
 .debug_aranges
                0x00000d58       0x90 Build/usbd_cdc.o
 .debug_aranges
                0x00000de8       0x28 Build/startup_stm32f411xe.o

.debug_ranges   0x00000000      0xcf0
 .debug_ranges  0x00000000       0x20 Build/main.o
 .debug_ranges  0x00000020       0x48 Build/NRF24L01.o
 .debug_ranges  0x00000068       0x10 Build/gpio.o
 .debug_ranges  0x00000078       0x20 Build/adc.o
 .debug_ranges  0x00000098       0x20 Build/spi.o
 .debug_ranges  0x000000b8       0x58 Build/stm32f4xx_it.o
 .debug_ranges  0x00000110       0x10 Build/stm32f4xx_hal_msp.o
 .debug_ranges  0x00000120       0x18 Build/system_stm32f4xx.o
 .debug_ranges  0x00000138       0x10 Build/usb_device.o
 .debug_ranges  0x00000148       0x50 Build/usbd_desc.o
 .debug_ranges  0x00000198       0x38 Build/usbd_cdc_if.o
 .debug_ranges  0x000001d0      0x100 Build/usbd_conf.o
 .debug_ranges  0x000002d0      0x128 Build/stm32f4xx_hal_pcd.o
 .debug_ranges  0x000003f8       0x28 Build/stm32f4xx_hal_pcd_ex.o
 .debug_ranges  0x00000420      0x188 Build/stm32f4xx_ll_usb.o
 .debug_ranges  0x000005a8       0x90 Build/stm32f4xx_hal_rcc.o
 .debug_ranges  0x00000638       0x48 Build/stm32f4xx_hal_gpio.o
 .debug_ranges  0x00000680       0xf8 Build/stm32f4xx_hal_cortex.o
 .debug_ranges  0x00000778       0xe0 Build/stm32f4xx_hal.o
 .debug_ranges  0x00000858       0xd8 Build/stm32f4xx_hal_adc.o
 .debug_ranges  0x00000930      0x1c0 Build/stm32f4xx_hal_spi.o
 .debug_ranges  0x00000af0       0xa8 Build/usbd_core.o
 .debug_ranges  0x00000b98       0x78 Build/usbd_ctlreq.o
 .debug_ranges  0x00000c10       0x40 Build/usbd_ioreq.o
 .debug_ranges  0x00000c50       0x80 Build/usbd_cdc.o
 .debug_ranges  0x00000cd0       0x20 Build/startup_stm32f411xe.o

.debug_line     0x00000000     0xcf73
 .debug_line    0x00000000      0x3d1 Build/main.o
 .debug_line    0x000003d1      0x402 Build/NRF24L01.o
 .debug_line    0x000007d3      0x1d6 Build/gpio.o
 .debug_line    0x000009a9      0x32c Build/adc.o
 .debug_line    0x00000cd5      0x300 Build/spi.o
 .debug_line    0x00000fd5      0x2ee Build/stm32f4xx_it.o
 .debug_line    0x000012c3      0x17b Build/stm32f4xx_hal_msp.o
 .debug_line    0x0000143e      0x270 Build/system_stm32f4xx.o
 .debug_line    0x000016ae      0x22d Build/usb_device.o
 .debug_line    0x000018db      0x37d Build/usbd_desc.o
 .debug_line    0x00001c58      0x284 Build/usbd_cdc_if.o
 .debug_line    0x00001edc      0x82a Build/usbd_conf.o
 .debug_line    0x00002706     0x1374 Build/stm32f4xx_hal_pcd.o
 .debug_line    0x00003a7a      0x2d5 Build/stm32f4xx_hal_pcd_ex.o
 .debug_line    0x00003d4f     0x1cab Build/stm32f4xx_ll_usb.o
 .debug_line    0x000059fa      0xb2b Build/stm32f4xx_hal_rcc.o
 .debug_line    0x00006525      0x6e3 Build/stm32f4xx_hal_gpio.o
 .debug_line    0x00006c08      0x798 Build/stm32f4xx_hal_cortex.o
 .debug_line    0x000073a0      0x585 Build/stm32f4xx_hal.o
 .debug_line    0x00007925     0x1037 Build/stm32f4xx_hal_adc.o
 .debug_line    0x0000895c     0x2509 Build/stm32f4xx_hal_spi.o
 .debug_line    0x0000ae65      0x87e Build/usbd_core.o
 .debug_line    0x0000b6e3      0xcbb Build/usbd_ctlreq.o
 .debug_line    0x0000c39e      0x2ca Build/usbd_ioreq.o
 .debug_line    0x0000c668      0x895 Build/usbd_cdc.o
 .debug_line    0x0000cefd       0x76 Build/startup_stm32f411xe.o

.debug_str      0x00000000     0x4210
 .debug_str     0x00000000      0x898 Build/main.o
                                0x92a (size before relaxing)
 .debug_str     0x00000898      0x30b Build/NRF24L01.o
                                0x782 (size before relaxing)
 .debug_str     0x00000ba3       0x4e Build/gpio.o
                                0x386 (size before relaxing)
 .debug_str     0x00000bf1       0x92 Build/adc.o
                                0x7f5 (size before relaxing)
 .debug_str     0x00000c83       0x48 Build/spi.o
                                0x80f (size before relaxing)
 .debug_str     0x00000ccb      0x406 Build/stm32f4xx_it.o
                                0x625 (size before relaxing)
 .debug_str     0x000010d1       0x29 Build/stm32f4xx_hal_msp.o
                                0x2d5 (size before relaxing)
 .debug_str     0x000010fa       0xd8 Build/system_stm32f4xx.o
                                0x38f (size before relaxing)
 .debug_str     0x000011d2      0x3fb Build/usb_device.o
                                0x697 (size before relaxing)
 .debug_str     0x000015cd      0x181 Build/usbd_desc.o
                                0x466 (size before relaxing)
 .debug_str     0x0000174e      0x14f Build/usbd_cdc_if.o
                                0x778 (size before relaxing)
 .debug_str     0x0000189d      0x8c0 Build/usbd_conf.o
                               0x1424 (size before relaxing)
 .debug_str     0x0000215d      0x58e Build/stm32f4xx_hal_pcd.o
                                0xd63 (size before relaxing)
 .debug_str     0x000026eb      0x125 Build/stm32f4xx_hal_pcd_ex.o
                                0x706 (size before relaxing)
 .debug_str     0x00002810      0x440 Build/stm32f4xx_ll_usb.o
                                0xc7c (size before relaxing)
 .debug_str     0x00002c50      0x1d4 Build/stm32f4xx_hal_rcc.o
                                0x720 (size before relaxing)
 .debug_str     0x00002e24      0x103 Build/stm32f4xx_hal_gpio.o
                                0x4fa (size before relaxing)
 .debug_str     0x00002f27      0x47a Build/stm32f4xx_hal_cortex.o
                                0xadc (size before relaxing)
 .debug_str     0x000033a1      0x295 Build/stm32f4xx_hal.o
                                0xa1c (size before relaxing)
 .debug_str     0x00003636      0x284 Build/stm32f4xx_hal_adc.o
                                0x95b (size before relaxing)
 .debug_str     0x000038ba      0x502 Build/stm32f4xx_hal_spi.o
                                0xc02 (size before relaxing)
 .debug_str     0x00003dbc      0x13e Build/usbd_core.o
                                0x875 (size before relaxing)
 .debug_str     0x00003efa      0x109 Build/usbd_ctlreq.o
                                0x7c7 (size before relaxing)
 .debug_str     0x00004003       0x60 Build/usbd_ioreq.o
                                0x6bc (size before relaxing)
 .debug_str     0x00004063      0x189 Build/usbd_cdc.o
                                0xc9e (size before relaxing)
 .debug_str     0x000041ec       0x24 Build/startup_stm32f411xe.o
                                 0x72 (size before relaxing)

.comment        0x00000000       0x4d
 .comment       0x00000000       0x4d Build/main.o
                                 0x4e (size before relaxing)
 .comment       0x0000004d       0x4e Build/NRF24L01.o
 .comment       0x0000004d       0x4e Build/gpio.o
 .comment       0x0000004d       0x4e Build/adc.o
 .comment       0x0000004d       0x4e Build/spi.o
 .comment       0x0000004d       0x4e Build/stm32f4xx_it.o
 .comment       0x0000004d       0x4e Build/stm32f4xx_hal_msp.o
 .comment       0x0000004d       0x4e Build/system_stm32f4xx.o
 .comment       0x0000004d       0x4e Build/usb_device.o
 .comment       0x0000004d       0x4e Build/usbd_desc.o
 .comment       0x0000004d       0x4e Build/usbd_cdc_if.o
 .comment       0x0000004d       0x4e Build/usbd_conf.o
 .comment       0x0000004d       0x4e Build/stm32f4xx_hal_pcd.o
 .comment       0x0000004d       0x4e Build/stm32f4xx_hal_pcd_ex.o
 .comment       0x0000004d       0x4e Build/stm32f4xx_ll_usb.o
 .comment       0x0000004d       0x4e Build/stm32f4xx_hal_rcc.o
 .comment       0x0000004d       0x4e Build/stm32f4xx_hal_gpio.o
 .comment       0x0000004d       0x4e Build/stm32f4xx_hal_cortex.o
 .comment       0x0000004d       0x4e Build/stm32f4xx_hal.o
 .comment       0x0000004d       0x4e Build/stm32f4xx_hal_adc.o
 .comment       0x0000004d       0x4e Build/stm32f4xx_hal_spi.o
 .comment       0x0000004d       0x4e Build/usbd_core.o
 .comment       0x0000004d       0x4e Build/usbd_ctlreq.o
 .comment       0x0000004d       0x4e Build/usbd_ioreq.o
 .comment       0x0000004d       0x4e Build/usbd_cdc.o

.debug_frame    0x00000000     0x2594
 .debug_frame   0x00000000       0x58 Build/main.o
 .debug_frame   0x00000058      0x110 Build/NRF24L01.o
 .debug_frame   0x00000168       0x30 Build/gpio.o
 .debug_frame   0x00000198       0x68 Build/adc.o
 .debug_frame   0x00000200       0x60 Build/spi.o
 .debug_frame   0x00000260       0xc0 Build/stm32f4xx_it.o
 .debug_frame   0x00000320       0x28 Build/stm32f4xx_hal_msp.o
 .debug_frame   0x00000348       0x30 Build/system_stm32f4xx.o
 .debug_frame   0x00000378       0x28 Build/usb_device.o
 .debug_frame   0x000003a0       0xe0 Build/usbd_desc.o
 .debug_frame   0x00000480       0x88 Build/usbd_cdc_if.o
 .debug_frame   0x00000508      0x2e4 Build/usbd_conf.o
 .debug_frame   0x000007ec      0x358 Build/stm32f4xx_hal_pcd.o
 .debug_frame   0x00000b44       0x5c Build/stm32f4xx_hal_pcd_ex.o
 .debug_frame   0x00000ba0      0x470 Build/stm32f4xx_ll_usb.o
 .debug_frame   0x00001010      0x16c Build/stm32f4xx_hal_rcc.o
 .debug_frame   0x0000117c       0xd8 Build/stm32f4xx_hal_gpio.o
 .debug_frame   0x00001254      0x148 Build/stm32f4xx_hal_cortex.o
 .debug_frame   0x0000139c      0x1ec Build/stm32f4xx_hal.o
 .debug_frame   0x00001588      0x268 Build/stm32f4xx_hal_adc.o
 .debug_frame   0x000017f0      0x5a4 Build/stm32f4xx_hal_spi.o
 .debug_frame   0x00001d94      0x210 Build/usbd_core.o
 .debug_frame   0x00001fa4      0x180 Build/usbd_ctlreq.o
 .debug_frame   0x00002124       0xb8 Build/usbd_ioreq.o
 .debug_frame   0x000021dc      0x160 Build/usbd_cdc.o
 .debug_frame   0x0000233c       0x2c c:/program files (x86)/gnu arm embedded toolchain/10 2020-q4-major/bin/../lib/gcc/arm-none-eabi/10.2.1/../../../../arm-none-eabi/lib/thumb/v7e-m+fp/hard\libc.a(lib_a-init.o)
 .debug_frame   0x00002368       0x2c c:/program files (x86)/gnu arm embedded toolchain/10 2020-q4-major/bin/../lib/gcc/arm-none-eabi/10.2.1/../../../../arm-none-eabi/lib/thumb/v7e-m+fp/hard\libc.a(lib_a-memset.o)
 .debug_frame   0x00002394       0x68 c:/program files (x86)/gnu arm embedded toolchain/10 2020-q4-major/bin/../lib/gcc/arm-none-eabi/10.2.1/../../../../arm-none-eabi/lib/thumb/v7e-m+fp/hard\libc.a(lib_a-__call_atexit.o)
 .debug_frame   0x000023fc       0x20 c:/program files (x86)/gnu arm embedded toolchain/10 2020-q4-major/bin/../lib/gcc/arm-none-eabi/10.2.1/../../../../arm-none-eabi/lib/thumb/v7e-m+fp/hard\libc.a(lib_a-atexit.o)
 .debug_frame   0x0000241c       0x34 c:/program files (x86)/gnu arm embedded toolchain/10 2020-q4-major/bin/../lib/gcc/arm-none-eabi/10.2.1/../../../../arm-none-eabi/lib/thumb/v7e-m+fp/hard\libc.a(lib_a-fini.o)
 .debug_frame   0x00002450       0xb0 c:/program files (x86)/gnu arm embedded toolchain/10 2020-q4-major/bin/../lib/gcc/arm-none-eabi/10.2.1/../../../../arm-none-eabi/lib/thumb/v7e-m+fp/hard\libc.a(lib_a-lock.o)
 .debug_frame   0x00002500       0x34 c:/program files (x86)/gnu arm embedded toolchain/10 2020-q4-major/bin/../lib/gcc/arm-none-eabi/10.2.1/../../../../arm-none-eabi/lib/thumb/v7e-m+fp/hard\libc.a(lib_a-__atexit.o)
 .debug_frame   0x00002534       0x2c c:/program files (x86)/gnu arm embedded toolchain/10 2020-q4-major/bin/../lib/gcc/arm-none-eabi/10.2.1/thumb/v7e-m+fp/hard\libgcc.a(_aeabi_uldivmod.o)
 .debug_frame   0x00002560       0x34 c:/program files (x86)/gnu arm embedded toolchain/10 2020-q4-major/bin/../lib/gcc/arm-none-eabi/10.2.1/thumb/v7e-m+fp/hard\libgcc.a(_udivmoddi4.o)

Cross Reference Table

Symbol                                            File
ADC_IRQHandler                                    Build/startup_stm32f411xe.o
AHBPrescTable                                     Build/system_stm32f4xx.o
                                                  Build/stm32f4xx_hal_rcc.o
APBPrescTable                                     Build/system_stm32f4xx.o
                                                  Build/stm32f4xx_hal_rcc.o
BusFault_Handler                                  Build/stm32f4xx_it.o
CDC_Transmit_FS                                   Build/usbd_cdc_if.o
DMA1_Stream0_IRQHandler                           Build/startup_stm32f411xe.o
DMA1_Stream1_IRQHandler                           Build/startup_stm32f411xe.o
DMA1_Stream2_IRQHandler                           Build/startup_stm32f411xe.o
DMA1_Stream3_IRQHandler                           Build/startup_stm32f411xe.o
DMA1_Stream4_IRQHandler                           Build/startup_stm32f411xe.o
DMA1_Stream5_IRQHandler                           Build/startup_stm32f411xe.o
DMA1_Stream6_IRQHandler                           Build/startup_stm32f411xe.o
DMA1_Stream7_IRQHandler                           Build/startup_stm32f411xe.o
DMA2_Stream0_IRQHandler                           Build/startup_stm32f411xe.o
DMA2_Stream1_IRQHandler                           Build/startup_stm32f411xe.o
DMA2_Stream2_IRQHandler                           Build/startup_stm32f411xe.o
DMA2_Stream3_IRQHandler                           Build/startup_stm32f411xe.o
DMA2_Stream4_IRQHandler                           Build/startup_stm32f411xe.o
DMA2_Stream5_IRQHandler                           Build/startup_stm32f411xe.o
DMA2_Stream6_IRQHandler                           Build/startup_stm32f411xe.o
DMA2_Stream7_IRQHandler                           Build/startup_stm32f411xe.o
DebugMon_Handler                                  Build/stm32f4xx_it.o
Default_Handler                                   Build/startup_stm32f411xe.o
EXTI0_IRQHandler                                  Build/startup_stm32f411xe.o
EXTI15_10_IRQHandler                              Build/startup_stm32f411xe.o
EXTI1_IRQHandler                                  Build/startup_stm32f411xe.o
EXTI2_IRQHandler                                  Build/startup_stm32f411xe.o
EXTI3_IRQHandler                                  Build/startup_stm32f411xe.o
EXTI4_IRQHandler                                  Build/startup_stm32f411xe.o
EXTI9_5_IRQHandler                                Build/startup_stm32f411xe.o
Error_Handler                                     Build/main.o
                                                  Build/usbd_conf.o
                                                  Build/usb_device.o
                                                  Build/spi.o
                                                  Build/adc.o
FLASH_Erase_Sector                                Build/stm32f4xx_hal_flash_ex.o
                                                  Build/stm32f4xx_hal_flash.o
FLASH_FlushCaches                                 Build/stm32f4xx_hal_flash_ex.o
                                                  Build/stm32f4xx_hal_flash.o
FLASH_IRQHandler                                  Build/startup_stm32f411xe.o
FLASH_WaitForLastOperation                        Build/stm32f4xx_hal_flash.o
                                                  Build/stm32f4xx_hal_flash_ex.o
FPU_IRQHandler                                    Build/startup_stm32f411xe.o
FS_Desc                                           Build/usbd_desc.o
                                                  Build/usb_device.o
HAL_ADCEx_InjectedConfigChannel                   Build/stm32f4xx_hal_adc_ex.o
HAL_ADCEx_InjectedConvCpltCallback                Build/stm32f4xx_hal_adc_ex.o
                                                  Build/stm32f4xx_hal_adc.o
HAL_ADCEx_InjectedGetValue                        Build/stm32f4xx_hal_adc_ex.o
HAL_ADCEx_InjectedPollForConversion               Build/stm32f4xx_hal_adc_ex.o
HAL_ADCEx_InjectedStart                           Build/stm32f4xx_hal_adc_ex.o
HAL_ADCEx_InjectedStart_IT                        Build/stm32f4xx_hal_adc_ex.o
HAL_ADCEx_InjectedStop                            Build/stm32f4xx_hal_adc_ex.o
HAL_ADCEx_InjectedStop_IT                         Build/stm32f4xx_hal_adc_ex.o
HAL_ADCEx_MultiModeConfigChannel                  Build/stm32f4xx_hal_adc_ex.o
HAL_ADCEx_MultiModeGetValue                       Build/stm32f4xx_hal_adc_ex.o
HAL_ADCEx_MultiModeStart_DMA                      Build/stm32f4xx_hal_adc_ex.o
HAL_ADCEx_MultiModeStop_DMA                       Build/stm32f4xx_hal_adc_ex.o
HAL_ADC_AnalogWDGConfig                           Build/stm32f4xx_hal_adc.o
HAL_ADC_ConfigChannel                             Build/stm32f4xx_hal_adc.o
                                                  Build/adc.o
HAL_ADC_ConvCpltCallback                          Build/stm32f4xx_hal_adc.o
                                                  Build/stm32f4xx_hal_adc_ex.o
HAL_ADC_ConvHalfCpltCallback                      Build/stm32f4xx_hal_adc.o
                                                  Build/stm32f4xx_hal_adc_ex.o
HAL_ADC_DeInit                                    Build/stm32f4xx_hal_adc.o
HAL_ADC_ErrorCallback                             Build/stm32f4xx_hal_adc.o
                                                  Build/stm32f4xx_hal_adc_ex.o
HAL_ADC_GetError                                  Build/stm32f4xx_hal_adc.o
HAL_ADC_GetState                                  Build/stm32f4xx_hal_adc.o
HAL_ADC_GetValue                                  Build/stm32f4xx_hal_adc.o
                                                  Build/main.o
HAL_ADC_IRQHandler                                Build/stm32f4xx_hal_adc.o
HAL_ADC_Init                                      Build/stm32f4xx_hal_adc.o
                                                  Build/adc.o
HAL_ADC_LevelOutOfWindowCallback                  Build/stm32f4xx_hal_adc.o
HAL_ADC_MspDeInit                                 Build/adc.o
HAL_ADC_MspInit                                   Build/adc.o
HAL_ADC_PollForConversion                         Build/stm32f4xx_hal_adc.o
                                                  Build/main.o
HAL_ADC_PollForEvent                              Build/stm32f4xx_hal_adc.o
HAL_ADC_Start                                     Build/stm32f4xx_hal_adc.o
                                                  Build/main.o
HAL_ADC_Start_DMA                                 Build/stm32f4xx_hal_adc.o
HAL_ADC_Start_IT                                  Build/stm32f4xx_hal_adc.o
HAL_ADC_Stop                                      Build/stm32f4xx_hal_adc.o
HAL_ADC_Stop_DMA                                  Build/stm32f4xx_hal_adc.o
HAL_ADC_Stop_IT                                   Build/stm32f4xx_hal_adc.o
HAL_DBGMCU_DisableDBGSleepMode                    Build/stm32f4xx_hal.o
HAL_DBGMCU_DisableDBGStandbyMode                  Build/stm32f4xx_hal.o
HAL_DBGMCU_DisableDBGStopMode                     Build/stm32f4xx_hal.o
HAL_DBGMCU_EnableDBGSleepMode                     Build/stm32f4xx_hal.o
HAL_DBGMCU_EnableDBGStandbyMode                   Build/stm32f4xx_hal.o
HAL_DBGMCU_EnableDBGStopMode                      Build/stm32f4xx_hal.o
HAL_DMA_Abort                                     Build/stm32f4xx_hal_spi.o
                                                  Build/stm32f4xx_hal_adc_ex.o
                                                  Build/stm32f4xx_hal_adc.o
HAL_DMA_Abort_IT                                  Build/stm32f4xx_hal_spi.o
HAL_DMA_Start_IT                                  Build/stm32f4xx_hal_spi.o
                                                  Build/stm32f4xx_hal_adc_ex.o
                                                  Build/stm32f4xx_hal_adc.o
HAL_DeInit                                        Build/stm32f4xx_hal.o
HAL_Delay                                         Build/stm32f4xx_hal.o
                                                  Build/stm32f4xx_ll_usb.o
                                                  Build/usbd_conf.o
                                                  Build/NRF24L01.o
                                                  Build/main.o
HAL_DisableCompensationCell                       Build/stm32f4xx_hal.o
HAL_EXTI_ClearConfigLine                          Build/stm32f4xx_hal_exti.o
HAL_EXTI_ClearPending                             Build/stm32f4xx_hal_exti.o
HAL_EXTI_GenerateSWI                              Build/stm32f4xx_hal_exti.o
HAL_EXTI_GetConfigLine                            Build/stm32f4xx_hal_exti.o
HAL_EXTI_GetHandle                                Build/stm32f4xx_hal_exti.o
HAL_EXTI_GetPending                               Build/stm32f4xx_hal_exti.o
HAL_EXTI_IRQHandler                               Build/stm32f4xx_hal_exti.o
HAL_EXTI_RegisterCallback                         Build/stm32f4xx_hal_exti.o
HAL_EXTI_SetConfigLine                            Build/stm32f4xx_hal_exti.o
HAL_EnableCompensationCell                        Build/stm32f4xx_hal.o
HAL_FLASHEx_AdvOBGetConfig                        Build/stm32f4xx_hal_flash_ex.o
HAL_FLASHEx_AdvOBProgram                          Build/stm32f4xx_hal_flash_ex.o
HAL_FLASHEx_DisableFlashSleepMode                 Build/stm32f4xx_hal_flash_ramfunc.o
HAL_FLASHEx_EnableFlashSleepMode                  Build/stm32f4xx_hal_flash_ramfunc.o
HAL_FLASHEx_Erase                                 Build/stm32f4xx_hal_flash_ex.o
HAL_FLASHEx_Erase_IT                              Build/stm32f4xx_hal_flash_ex.o
HAL_FLASHEx_OBGetConfig                           Build/stm32f4xx_hal_flash_ex.o
HAL_FLASHEx_OBProgram                             Build/stm32f4xx_hal_flash_ex.o
HAL_FLASHEx_OB_DeSelectPCROP                      Build/stm32f4xx_hal_flash_ex.o
HAL_FLASHEx_OB_SelectPCROP                        Build/stm32f4xx_hal_flash_ex.o
HAL_FLASHEx_StartFlashInterfaceClk                Build/stm32f4xx_hal_flash_ramfunc.o
HAL_FLASHEx_StopFlashInterfaceClk                 Build/stm32f4xx_hal_flash_ramfunc.o
HAL_FLASH_EndOfOperationCallback                  Build/stm32f4xx_hal_flash.o
HAL_FLASH_GetError                                Build/stm32f4xx_hal_flash.o
HAL_FLASH_IRQHandler                              Build/stm32f4xx_hal_flash.o
HAL_FLASH_Lock                                    Build/stm32f4xx_hal_flash.o
HAL_FLASH_OB_Launch                               Build/stm32f4xx_hal_flash.o
HAL_FLASH_OB_Lock                                 Build/stm32f4xx_hal_flash.o
HAL_FLASH_OB_Unlock                               Build/stm32f4xx_hal_flash.o
HAL_FLASH_OperationErrorCallback                  Build/stm32f4xx_hal_flash.o
HAL_FLASH_Program                                 Build/stm32f4xx_hal_flash.o
HAL_FLASH_Program_IT                              Build/stm32f4xx_hal_flash.o
HAL_FLASH_Unlock                                  Build/stm32f4xx_hal_flash.o
HAL_GPIO_DeInit                                   Build/stm32f4xx_hal_gpio.o
                                                  Build/usbd_conf.o
                                                  Build/spi.o
                                                  Build/adc.o
HAL_GPIO_EXTI_Callback                            Build/stm32f4xx_hal_gpio.o
HAL_GPIO_EXTI_IRQHandler                          Build/stm32f4xx_hal_gpio.o
HAL_GPIO_Init                                     Build/stm32f4xx_hal_gpio.o
                                                  Build/stm32f4xx_hal_rcc.o
                                                  Build/usbd_conf.o
                                                  Build/spi.o
                                                  Build/adc.o
                                                  Build/gpio.o
HAL_GPIO_LockPin                                  Build/stm32f4xx_hal_gpio.o
HAL_GPIO_ReadPin                                  Build/stm32f4xx_hal_gpio.o
HAL_GPIO_TogglePin                                Build/stm32f4xx_hal_gpio.o
HAL_GPIO_WritePin                                 Build/stm32f4xx_hal_gpio.o
                                                  Build/gpio.o
                                                  Build/NRF24L01.o
HAL_GetDEVID                                      Build/stm32f4xx_hal.o
HAL_GetHalVersion                                 Build/stm32f4xx_hal.o
HAL_GetREVID                                      Build/stm32f4xx_hal.o
HAL_GetTick                                       Build/stm32f4xx_hal.o
                                                  Build/stm32f4xx_hal_spi.o
                                                  Build/stm32f4xx_hal_adc_ex.o
                                                  Build/stm32f4xx_hal_adc.o
                                                  Build/stm32f4xx_hal_pwr_ex.o
                                                  Build/stm32f4xx_hal_flash.o
                                                  Build/stm32f4xx_hal_rcc_ex.o
                                                  Build/stm32f4xx_hal_rcc.o
HAL_GetTickFreq                                   Build/stm32f4xx_hal.o
HAL_GetTickPrio                                   Build/stm32f4xx_hal.o
HAL_GetUIDw0                                      Build/stm32f4xx_hal.o
HAL_GetUIDw1                                      Build/stm32f4xx_hal.o
HAL_GetUIDw2                                      Build/stm32f4xx_hal.o
HAL_IncTick                                       Build/stm32f4xx_hal.o
                                                  Build/stm32f4xx_it.o
HAL_Init                                          Build/stm32f4xx_hal.o
                                                  Build/main.o
HAL_InitTick                                      Build/stm32f4xx_hal.o
                                                  Build/stm32f4xx_hal_rcc_ex.o
                                                  Build/stm32f4xx_hal_rcc.o
HAL_MPU_ConfigRegion                              Build/stm32f4xx_hal_cortex.o
HAL_MPU_Disable                                   Build/stm32f4xx_hal_cortex.o
HAL_MPU_Enable                                    Build/stm32f4xx_hal_cortex.o
HAL_MspDeInit                                     Build/stm32f4xx_hal.o
HAL_MspInit                                       Build/stm32f4xx_hal_msp.o
HAL_NVIC_ClearPendingIRQ                          Build/stm32f4xx_hal_cortex.o
HAL_NVIC_DisableIRQ                               Build/stm32f4xx_hal_cortex.o
                                                  Build/usbd_conf.o
HAL_NVIC_EnableIRQ                                Build/stm32f4xx_hal_cortex.o
                                                  Build/usbd_conf.o
HAL_NVIC_GetActive                                Build/stm32f4xx_hal_cortex.o
HAL_NVIC_GetPendingIRQ                            Build/stm32f4xx_hal_cortex.o
HAL_NVIC_GetPriority                              Build/stm32f4xx_hal_cortex.o
HAL_NVIC_GetPriorityGrouping                      Build/stm32f4xx_hal_cortex.o
HAL_NVIC_SetPendingIRQ                            Build/stm32f4xx_hal_cortex.o
HAL_NVIC_SetPriority                              Build/stm32f4xx_hal_cortex.o
                                                  Build/stm32f4xx_hal.o
                                                  Build/usbd_conf.o
HAL_NVIC_SetPriorityGrouping                      Build/stm32f4xx_hal_cortex.o
                                                  Build/stm32f4xx_hal.o
HAL_NVIC_SystemReset                              Build/stm32f4xx_hal_cortex.o
HAL_PCDEx_BCD_Callback                            Build/stm32f4xx_hal_pcd_ex.o
HAL_PCDEx_LPM_Callback                            Build/stm32f4xx_hal_pcd_ex.o
                                                  Build/stm32f4xx_hal_pcd.o
HAL_PCDEx_SetRxFiFo                               Build/stm32f4xx_hal_pcd_ex.o
                                                  Build/usbd_conf.o
HAL_PCDEx_SetTxFiFo                               Build/stm32f4xx_hal_pcd_ex.o
                                                  Build/usbd_conf.o
HAL_PCD_ActivateRemoteWakeup                      Build/stm32f4xx_hal_pcd.o
HAL_PCD_ConnectCallback                           Build/usbd_conf.o
HAL_PCD_DataInStageCallback                       Build/usbd_conf.o
HAL_PCD_DataOutStageCallback                      Build/usbd_conf.o
HAL_PCD_DeActivateRemoteWakeup                    Build/stm32f4xx_hal_pcd.o
HAL_PCD_DeInit                                    Build/stm32f4xx_hal_pcd.o
                                                  Build/usbd_conf.o
HAL_PCD_DevConnect                                Build/stm32f4xx_hal_pcd.o
HAL_PCD_DevDisconnect                             Build/stm32f4xx_hal_pcd.o
HAL_PCD_DisconnectCallback                        Build/usbd_conf.o
HAL_PCD_EP_Close                                  Build/stm32f4xx_hal_pcd.o
                                                  Build/usbd_conf.o
HAL_PCD_EP_ClrStall                               Build/stm32f4xx_hal_pcd.o
                                                  Build/usbd_conf.o
HAL_PCD_EP_Flush                                  Build/stm32f4xx_hal_pcd.o
                                                  Build/usbd_conf.o
HAL_PCD_EP_GetRxCount                             Build/stm32f4xx_hal_pcd.o
                                                  Build/usbd_conf.o
HAL_PCD_EP_Open                                   Build/stm32f4xx_hal_pcd.o
                                                  Build/usbd_conf.o
HAL_PCD_EP_Receive                                Build/stm32f4xx_hal_pcd.o
                                                  Build/usbd_conf.o
HAL_PCD_EP_SetStall                               Build/stm32f4xx_hal_pcd.o
                                                  Build/usbd_conf.o
HAL_PCD_EP_Transmit                               Build/stm32f4xx_hal_pcd.o
                                                  Build/usbd_conf.o
HAL_PCD_GetState                                  Build/stm32f4xx_hal_pcd.o
HAL_PCD_IRQHandler                                Build/stm32f4xx_hal_pcd.o
                                                  Build/stm32f4xx_it.o
HAL_PCD_ISOINIncompleteCallback                   Build/usbd_conf.o
HAL_PCD_ISOOUTIncompleteCallback                  Build/usbd_conf.o
HAL_PCD_Init                                      Build/stm32f4xx_hal_pcd.o
                                                  Build/usbd_conf.o
HAL_PCD_MspDeInit                                 Build/usbd_conf.o
HAL_PCD_MspInit                                   Build/usbd_conf.o
HAL_PCD_ResetCallback                             Build/usbd_conf.o
HAL_PCD_ResumeCallback                            Build/usbd_conf.o
HAL_PCD_SOFCallback                               Build/usbd_conf.o
HAL_PCD_SetAddress                                Build/stm32f4xx_hal_pcd.o
                                                  Build/usbd_conf.o
HAL_PCD_SetupStageCallback                        Build/usbd_conf.o
HAL_PCD_Start                                     Build/stm32f4xx_hal_pcd.o
                                                  Build/usbd_conf.o
HAL_PCD_Stop                                      Build/stm32f4xx_hal_pcd.o
                                                  Build/usbd_conf.o
HAL_PCD_SuspendCallback                           Build/usbd_conf.o
HAL_PCD_WKUP_IRQHandler                           Build/stm32f4xx_hal_pcd.o
HAL_PWREx_ControlVoltageScaling                   Build/stm32f4xx_hal_pwr_ex.o
HAL_PWREx_DisableBkUpReg                          Build/stm32f4xx_hal_pwr_ex.o
HAL_PWREx_DisableFlashPowerDown                   Build/stm32f4xx_hal_pwr_ex.o
HAL_PWREx_DisableLowRegulatorLowVoltage           Build/stm32f4xx_hal_pwr_ex.o
HAL_PWREx_DisableMainRegulatorLowVoltage          Build/stm32f4xx_hal_pwr_ex.o
HAL_PWREx_EnableBkUpReg                           Build/stm32f4xx_hal_pwr_ex.o
HAL_PWREx_EnableFlashPowerDown                    Build/stm32f4xx_hal_pwr_ex.o
HAL_PWREx_EnableLowRegulatorLowVoltage            Build/stm32f4xx_hal_pwr_ex.o
HAL_PWREx_EnableMainRegulatorLowVoltage           Build/stm32f4xx_hal_pwr_ex.o
HAL_PWREx_GetVoltageRange                         Build/stm32f4xx_hal_pwr_ex.o
HAL_PWR_ConfigPVD                                 Build/stm32f4xx_hal_pwr.o
HAL_PWR_DeInit                                    Build/stm32f4xx_hal_pwr.o
HAL_PWR_DisableBkUpAccess                         Build/stm32f4xx_hal_pwr.o
HAL_PWR_DisablePVD                                Build/stm32f4xx_hal_pwr.o
HAL_PWR_DisableSEVOnPend                          Build/stm32f4xx_hal_pwr.o
HAL_PWR_DisableSleepOnExit                        Build/stm32f4xx_hal_pwr.o
HAL_PWR_DisableWakeUpPin                          Build/stm32f4xx_hal_pwr.o
HAL_PWR_EnableBkUpAccess                          Build/stm32f4xx_hal_pwr.o
HAL_PWR_EnablePVD                                 Build/stm32f4xx_hal_pwr.o
HAL_PWR_EnableSEVOnPend                           Build/stm32f4xx_hal_pwr.o
HAL_PWR_EnableSleepOnExit                         Build/stm32f4xx_hal_pwr.o
HAL_PWR_EnableWakeUpPin                           Build/stm32f4xx_hal_pwr.o
HAL_PWR_EnterSLEEPMode                            Build/stm32f4xx_hal_pwr.o
HAL_PWR_EnterSTANDBYMode                          Build/stm32f4xx_hal_pwr.o
HAL_PWR_EnterSTOPMode                             Build/stm32f4xx_hal_pwr.o
HAL_PWR_PVDCallback                               Build/stm32f4xx_hal_pwr.o
HAL_PWR_PVD_IRQHandler                            Build/stm32f4xx_hal_pwr.o
HAL_RCCEx_DisablePLLI2S                           Build/stm32f4xx_hal_rcc_ex.o
HAL_RCCEx_EnablePLLI2S                            Build/stm32f4xx_hal_rcc_ex.o
HAL_RCCEx_GetPeriphCLKConfig                      Build/stm32f4xx_hal_rcc_ex.o
HAL_RCCEx_GetPeriphCLKFreq                        Build/stm32f4xx_hal_rcc_ex.o
HAL_RCCEx_PeriphCLKConfig                         Build/stm32f4xx_hal_rcc_ex.o
HAL_RCCEx_SelectLSEMode                           Build/stm32f4xx_hal_rcc_ex.o
HAL_RCC_CSSCallback                               Build/stm32f4xx_hal_rcc.o
HAL_RCC_ClockConfig                               Build/stm32f4xx_hal_rcc.o
                                                  Build/main.o
HAL_RCC_DeInit                                    Build/stm32f4xx_hal_rcc_ex.o
                                                  Build/stm32f4xx_hal_rcc.o
HAL_RCC_DisableCSS                                Build/stm32f4xx_hal_rcc.o
HAL_RCC_EnableCSS                                 Build/stm32f4xx_hal_rcc.o
HAL_RCC_GetClockConfig                            Build/stm32f4xx_hal_rcc.o
HAL_RCC_GetHCLKFreq                               Build/stm32f4xx_hal_rcc.o
                                                  Build/stm32f4xx_hal_pcd.o
HAL_RCC_GetOscConfig                              Build/stm32f4xx_hal_rcc.o
HAL_RCC_GetPCLK1Freq                              Build/stm32f4xx_hal_rcc.o
HAL_RCC_GetPCLK2Freq                              Build/stm32f4xx_hal_rcc.o
HAL_RCC_GetSysClockFreq                           Build/stm32f4xx_hal_rcc.o
HAL_RCC_MCOConfig                                 Build/stm32f4xx_hal_rcc.o
HAL_RCC_NMI_IRQHandler                            Build/stm32f4xx_hal_rcc.o
HAL_RCC_OscConfig                                 Build/stm32f4xx_hal_rcc.o
                                                  Build/main.o
HAL_ResumeTick                                    Build/stm32f4xx_hal.o
HAL_SPI_Abort                                     Build/stm32f4xx_hal_spi.o